[0.041s] Invoking command in '/home/diego/hexapod_link_attacher_ws/build/hexapod_link_attacher': CMAKE_PREFIX_PATH=${CMAKE_PREFIX_PATH}:/home/diego/ros_ws/install/rover_teleop:/home/diego/ros_ws/install/rover_motor_controller:/home/diego/ros_ws/install/crimsonbot:/home/diego/crawler/install/robot_sim:/opt/ros/humble /usr/bin/cmake --build /home/diego/hexapod_link_attacher_ws/build/hexapod_link_attacher -- -j8 -l8
[0.186s] [ 50%] [32mBuilding CXX object CMakeFiles/hexapod_link_attacher.dir/src/hexapod_link_attacher.cpp.o[0m
[17.503s] [100%] [32m[1mLinking CXX shared library libhexapod_link_attacher.so[0m
[18.406s] [100%] Built target hexapod_link_attacher
[18.431s] Invoked command in '/home/diego/hexapod_link_attacher_ws/build/hexapod_link_attacher' returned '0': CMAKE_PREFIX_PATH=${CMAKE_PREFIX_PATH}:/home/diego/ros_ws/install/rover_teleop:/home/diego/ros_ws/install/rover_motor_controller:/home/diego/ros_ws/install/crimsonbot:/home/diego/crawler/install/robot_sim:/opt/ros/humble /usr/bin/cmake --build /home/diego/hexapod_link_attacher_ws/build/hexapod_link_attacher -- -j8 -l8
[18.459s] Invoking command in '/home/diego/hexapod_link_attacher_ws/build/hexapod_link_attacher': CMAKE_PREFIX_PATH=${CMAKE_PREFIX_PATH}:/home/diego/ros_ws/install/rover_teleop:/home/diego/ros_ws/install/rover_motor_controller:/home/diego/ros_ws/install/crimsonbot:/home/diego/crawler/install/robot_sim:/opt/ros/humble /usr/bin/cmake --install /home/diego/hexapod_link_attacher_ws/build/hexapod_link_attacher
[18.482s] -- Install configuration: ""
[18.483s] -- Installing: /home/diego/hexapod_link_attacher_ws/install/hexapod_link_attacher/lib/libhexapod_link_attacher.so
[18.490s] -- Set runtime path of "/home/diego/hexapod_link_attacher_ws/install/hexapod_link_attacher/lib/libhexapod_link_attacher.so" to ""
[18.490s] -- Up-to-date: /home/diego/hexapod_link_attacher_ws/install/hexapod_link_attacher/share/hexapod_link_attacher/environment/library_path.sh
[18.490s] -- Up-to-date: /home/diego/hexapod_link_attacher_ws/install/hexapod_link_attacher/share/hexapod_link_attacher/environment/library_path.dsv
[18.491s] -- Up-to-date: /home/diego/hexapod_link_attacher_ws/install/hexapod_link_attacher/share/ament_index/resource_index/package_run_dependencies/hexapod_link_attacher
[18.491s] -- Up-to-date: /home/diego/hexapod_link_attacher_ws/install/hexapod_link_attacher/share/ament_index/resource_index/parent_prefix_path/hexapod_link_attacher
[18.491s] -- Up-to-date: /home/diego/hexapod_link_attacher_ws/install/hexapod_link_attacher/share/hexapod_link_attacher/environment/ament_prefix_path.sh
[18.492s] -- Up-to-date: /home/diego/hexapod_link_attacher_ws/install/hexapod_link_attacher/share/hexapod_link_attacher/environment/ament_prefix_path.dsv
[18.492s] -- Up-to-date: /home/diego/hexapod_link_attacher_ws/install/hexapod_link_attacher/share/hexapod_link_attacher/environment/path.sh
[18.492s] -- Up-to-date: /home/diego/hexapod_link_attacher_ws/install/hexapod_link_attacher/share/hexapod_link_attacher/environment/path.dsv
[18.493s] -- Up-to-date: /home/diego/hexapod_link_attacher_ws/install/hexapod_link_attacher/share/hexapod_link_attacher/local_setup.bash
[18.493s] -- Up-to-date: /home/diego/hexapod_link_attacher_ws/install/hexapod_link_attacher/share/hexapod_link_attacher/local_setup.sh
[18.493s] -- Up-to-date: /home/diego/hexapod_link_attacher_ws/install/hexapod_link_attacher/share/hexapod_link_attacher/local_setup.zsh
[18.494s] -- Up-to-date: /home/diego/hexapod_link_attacher_ws/install/hexapod_link_attacher/share/hexapod_link_attacher/local_setup.dsv
[18.495s] -- Installing: /home/diego/hexapod_link_attacher_ws/install/hexapod_link_attacher/share/hexapod_link_attacher/package.dsv
[18.496s] -- Up-to-date: /home/diego/hexapod_link_attacher_ws/install/hexapod_link_attacher/share/ament_index/resource_index/packages/hexapod_link_attacher
[18.497s] -- Up-to-date: /home/diego/hexapod_link_attacher_ws/install/hexapod_link_attacher/share/hexapod_link_attacher/cmake/ament_cmake_export_libraries-extras.cmake
[18.498s] -- Up-to-date: /home/diego/hexapod_link_attacher_ws/install/hexapod_link_attacher/share/hexapod_link_attacher/cmake/ament_cmake_export_dependencies-extras.cmake
[18.499s] -- Up-to-date: /home/diego/hexapod_link_attacher_ws/install/hexapod_link_attacher/share/hexapod_link_attacher/cmake/hexapod_link_attacherConfig.cmake
[18.500s] -- Up-to-date: /home/diego/hexapod_link_attacher_ws/install/hexapod_link_attacher/share/hexapod_link_attacher/cmake/hexapod_link_attacherConfig-version.cmake
[18.501s] -- Up-to-date: /home/diego/hexapod_link_attacher_ws/install/hexapod_link_attacher/share/hexapod_link_attacher/package.xml
[18.501s] Invoked command in '/home/diego/hexapod_link_attacher_ws/build/hexapod_link_attacher' returned '0': CMAKE_PREFIX_PATH=${CMAKE_PREFIX_PATH}:/home/diego/ros_ws/install/rover_teleop:/home/diego/ros_ws/install/rover_motor_controller:/home/diego/ros_ws/install/crimsonbot:/home/diego/crawler/install/robot_sim:/opt/ros/humble /usr/bin/cmake --install /home/diego/hexapod_link_attacher_ws/build/hexapod_link_attacher
