[0.025s] Invoking command in '/home/diego/hexapod_link_attacher_ws/build/hexapod_link_attacher': CMAKE_PREFIX_PATH=${CMAKE_PREFIX_PATH}:/home/diego/ros_ws/install/rover_teleop:/home/diego/ros_ws/install/rover_motor_controller:/home/diego/ros_ws/install/crimsonbot:/home/diego/crawler/install/robot_sim:/opt/ros/humble /usr/bin/cmake /home/diego/hexapod_link_attacher_ws -DCMAKE_INSTALL_PREFIX=/home/diego/hexapod_link_attacher_ws/install/hexapod_link_attacher
[0.229s] -- The C compiler identification is GNU 11.4.0
[0.408s] -- The CXX compiler identification is GNU 11.4.0
[0.438s] -- Detecting C compiler ABI info
[0.604s] -- Detecting C compiler ABI info - done
[0.619s] -- Check for working C compiler: /usr/bin/cc - skipped
[0.620s] -- Detecting C compile features
[0.621s] -- Detecting C compile features - done
[0.628s] -- Detecting CXX compiler ABI info
[0.835s] -- Detecting CXX compiler ABI info - done
[0.864s] -- Check for working CXX compiler: /usr/bin/c++ - skipped
[0.865s] -- Detecting CXX compile features
[0.866s] -- Detecting CXX compile features - done
[0.902s] -- Found ament_cmake: 1.3.14 (/opt/ros/humble/share/ament_cmake/cmake)
[1.221s] -- Found Python3: /usr/bin/python3 (found version "3.10.12") found components: Interpreter 
[1.485s] -- Found gazebo_dev: 3.9.0 (/opt/ros/humble/share/gazebo_dev/cmake)
[1.510s] -- Found PkgConfig: /usr/bin/pkg-config (found version "0.29.2") 
[1.521s] -- Checking for module 'bullet>=2.82'
[1.564s] --   Found bullet, version 3.05
[1.923s] -- Found fcl: /usr/include (found suitable version "0.7.0", minimum required is "0.5.0") 
[2.094s] -- Found assimp: /usr/include (found version "5.2.0") 
[2.174s] -- Found DART: /usr/include (Required is at least version "6.6") found components: dart 
[2.654s] -- Found Boost: /usr/lib/x86_64-linux-gnu/cmake/Boost-1.74.0/BoostConfig.cmake (found suitable version "1.74.0", minimum required is "1.40.0") found components: thread system filesystem program_options regex iostreams date_time 
[2.702s] -- Found Protobuf: /usr/lib/x86_64-linux-gnu/libprotobuf.so (found version "3.12.4") 
[2.721s] -- Looking for ignition-math6 -- found version 6.15.1
[2.742s] -- Searching for dependencies of ignition-math6
[2.746s] -- Looking for OGRE...
[2.746s] -- OGRE_PREFIX_WATCH changed.
[2.757s] -- Checking for module 'OGRE'
[2.800s] --   Found OGRE, version 1.9.0
[2.924s] -- Found Ogre Ghadamon (1.9.0)
[2.961s] -- Found OGRE: optimized;/usr/lib/x86_64-linux-gnu/libOgreMain.so;debug;/usr/lib/x86_64-linux-gnu/libOgreMain.so
[2.977s] -- Looking for OGRE_Paging...
[2.993s] -- Found OGRE_Paging: optimized;/usr/lib/x86_64-linux-gnu/libOgrePaging.so;debug;/usr/lib/x86_64-linux-gnu/libOgrePaging.so
[2.993s] -- Looking for OGRE_Terrain...
[3.008s] -- Found OGRE_Terrain: optimized;/usr/lib/x86_64-linux-gnu/libOgreTerrain.so;debug;/usr/lib/x86_64-linux-gnu/libOgreTerrain.so
[3.008s] -- Looking for OGRE_Property...
[3.022s] -- Found OGRE_Property: optimized;/usr/lib/x86_64-linux-gnu/libOgreProperty.so;debug;/usr/lib/x86_64-linux-gnu/libOgreProperty.so
[3.022s] -- Looking for OGRE_RTShaderSystem...
[3.037s] -- Found OGRE_RTShaderSystem: optimized;/usr/lib/x86_64-linux-gnu/libOgreRTShaderSystem.so;debug;/usr/lib/x86_64-linux-gnu/libOgreRTShaderSystem.so
[3.038s] -- Looking for OGRE_Volume...
[3.053s] -- Found OGRE_Volume: optimized;/usr/lib/x86_64-linux-gnu/libOgreVolume.so;debug;/usr/lib/x86_64-linux-gnu/libOgreVolume.so
[3.053s] -- Looking for OGRE_Overlay...
[3.067s] -- Found OGRE_Overlay: optimized;/usr/lib/x86_64-linux-gnu/libOgreOverlay.so;debug;/usr/lib/x86_64-linux-gnu/libOgreOverlay.so
[3.401s] -- Looking for ignition-math6 -- found version 6.15.1
[3.410s] -- Looking for ignition-transport8 -- found version 8.2.1
[3.411s] -- Searching for dependencies of ignition-transport8
[3.456s] -- Found Protobuf: /usr/lib/x86_64-linux-gnu/libprotobuf.so (found suitable version "3.12.4", minimum required is "3") 
[3.484s] -- Config-file not installed for ZeroMQ -- checking for pkg-config
[3.496s] -- Checking for module 'libzmq >= 4'
[3.542s] --   Found libzmq , version 4.3.4
[3.677s] -- Found ZeroMQ: TRUE (Required is at least version "4") 
[3.706s] -- Checking for module 'uuid'
[3.755s] --   Found uuid, version 2.37.2
[3.874s] -- Found UUID: TRUE  
[3.898s] -- Looking for ignition-msgs5 -- found version 5.8.1
[3.899s] -- Searching for dependencies of ignition-msgs5
[3.955s] -- Looking for ignition-math6 -- found version 6.15.1
[3.967s] -- Checking for module 'tinyxml2'
[4.012s] --   Found tinyxml2, version 9.0.0
[4.142s] -- Looking for ignition-msgs5 -- found version 5.8.1
[4.156s] -- Looking for ignition-common3 -- found version 3.14.0
[4.158s] -- Searching for dependencies of ignition-common3
[4.159s] -- Looking for dlfcn.h - found
[4.163s] -- Looking for libdl - found
[4.167s] -- Found DL: TRUE  
[4.197s] -- Found tinyobjloader: /usr/lib/x86_64-linux-gnu/cmake/tinyobjloader/tinyobjloader-config.cmake (found version "2.0.0") 
[4.199s] -- Searching for <ignition-common3> component [graphics]
[4.207s] -- Looking for ignition-common3-graphics -- found version 3.14.0
[4.208s] -- Searching for dependencies of ignition-common3-graphics
[4.208s] -- Looking for ignition-math6 -- found version 6.15.1
[4.218s] -- Looking for ignition-fuel_tools4 -- found version 4.4.0
[4.219s] -- Searching for dependencies of ignition-fuel_tools4
[4.485s] -- Found CURL: /usr/lib/x86_64-linux-gnu/libcurl.so (found version "7.81.0")  
[4.519s] -- Checking for module 'jsoncpp'
[4.561s] --   Found jsoncpp, version 1.9.5
[4.670s] -- Found JSONCPP: TRUE  
[4.706s] -- Checking for module 'libzip'
[4.750s] --   Found libzip, version 1.7.3
[4.869s] -- Found ZIP: TRUE  
[4.871s] -- Looking for ignition-common3 -- found version 3.14.0
[4.872s] -- Looking for ignition-math6 -- found version 6.15.1
[4.873s] -- Looking for ignition-msgs5 -- found version 5.8.1
[4.904s] -- Gazebo version: 11.10
[4.904s] -- Checking for module 'tbb'
[4.948s] --   Found tbb, version 2021.5.0
[5.079s] -- Found gazebo_ros: 3.9.0 (/opt/ros/humble/share/gazebo_ros/cmake)
[5.223s] -- Found rosidl_generator_c: 3.1.8 (/opt/ros/humble/share/rosidl_generator_c/cmake)
[5.241s] -- Found rosidl_adapter: 3.1.8 (/opt/ros/humble/share/rosidl_adapter/cmake)
[5.268s] -- Found rosidl_generator_cpp: 3.1.8 (/opt/ros/humble/share/rosidl_generator_cpp/cmake)
[5.303s] -- Using all available rosidl_typesupport_c: rosidl_typesupport_fastrtps_c;rosidl_typesupport_introspection_c
[5.351s] -- Using all available rosidl_typesupport_cpp: rosidl_typesupport_fastrtps_cpp;rosidl_typesupport_introspection_cpp
[5.484s] -- Found rmw_implementation_cmake: 6.1.2 (/opt/ros/humble/share/rmw_implementation_cmake/cmake)
[5.494s] -- Found rmw_fastrtps_cpp: 6.2.10 (/opt/ros/humble/share/rmw_fastrtps_cpp/cmake)
[5.807s] -- Found OpenSSL: /usr/lib/x86_64-linux-gnu/libcrypto.so (found version "3.0.2")  
[5.878s] -- Found FastRTPS: /opt/ros/humble/include  
[5.981s] -- Using RMW implementation 'rmw_fastrtps_cpp' as default
[6.012s] -- Found Threads: TRUE  
[6.131s] -- Found linkattacher_msgs: 0.0.0 (/home/diego/crawler/install/linkattacher_msgs/share/linkattacher_msgs/cmake)
[6.310s] -- Configuring done
[6.401s] -- Generating done
[6.411s] -- Build files have been written to: /home/diego/hexapod_link_attacher_ws/build/hexapod_link_attacher
[6.435s] Invoked command in '/home/diego/hexapod_link_attacher_ws/build/hexapod_link_attacher' returned '0': CMAKE_PREFIX_PATH=${CMAKE_PREFIX_PATH}:/home/diego/ros_ws/install/rover_teleop:/home/diego/ros_ws/install/rover_motor_controller:/home/diego/ros_ws/install/crimsonbot:/home/diego/crawler/install/robot_sim:/opt/ros/humble /usr/bin/cmake /home/diego/hexapod_link_attacher_ws -DCMAKE_INSTALL_PREFIX=/home/diego/hexapod_link_attacher_ws/install/hexapod_link_attacher
[6.439s] Invoking command in '/home/diego/hexapod_link_attacher_ws/build/hexapod_link_attacher': CMAKE_PREFIX_PATH=${CMAKE_PREFIX_PATH}:/home/diego/ros_ws/install/rover_teleop:/home/diego/ros_ws/install/rover_motor_controller:/home/diego/ros_ws/install/crimsonbot:/home/diego/crawler/install/robot_sim:/opt/ros/humble /usr/bin/cmake --build /home/diego/hexapod_link_attacher_ws/build/hexapod_link_attacher -- -j8 -l8
[6.568s] [ 50%] [32mBuilding CXX object CMakeFiles/hexapod_link_attacher.dir/src/hexapod_link_attacher.cpp.o[0m
[30.370s] [100%] [32m[1mLinking CXX shared library libhexapod_link_attacher.so[0m
[31.484s] [100%] Built target hexapod_link_attacher
[31.509s] Invoked command in '/home/diego/hexapod_link_attacher_ws/build/hexapod_link_attacher' returned '0': CMAKE_PREFIX_PATH=${CMAKE_PREFIX_PATH}:/home/diego/ros_ws/install/rover_teleop:/home/diego/ros_ws/install/rover_motor_controller:/home/diego/ros_ws/install/crimsonbot:/home/diego/crawler/install/robot_sim:/opt/ros/humble /usr/bin/cmake --build /home/diego/hexapod_link_attacher_ws/build/hexapod_link_attacher -- -j8 -l8
[31.532s] Invoking command in '/home/diego/hexapod_link_attacher_ws/build/hexapod_link_attacher': CMAKE_PREFIX_PATH=${CMAKE_PREFIX_PATH}:/home/diego/ros_ws/install/rover_teleop:/home/diego/ros_ws/install/rover_motor_controller:/home/diego/ros_ws/install/crimsonbot:/home/diego/crawler/install/robot_sim:/opt/ros/humble /usr/bin/cmake --install /home/diego/hexapod_link_attacher_ws/build/hexapod_link_attacher
[31.549s] -- Install configuration: ""
[31.550s] -- Installing: /home/diego/hexapod_link_attacher_ws/install/hexapod_link_attacher/lib/libhexapod_link_attacher.so
[31.556s] -- Set runtime path of "/home/diego/hexapod_link_attacher_ws/install/hexapod_link_attacher/lib/libhexapod_link_attacher.so" to ""
[31.556s] -- Installing: /home/diego/hexapod_link_attacher_ws/install/hexapod_link_attacher/share/hexapod_link_attacher/environment/library_path.sh
[31.557s] -- Installing: /home/diego/hexapod_link_attacher_ws/install/hexapod_link_attacher/share/hexapod_link_attacher/environment/library_path.dsv
[31.557s] -- Installing: /home/diego/hexapod_link_attacher_ws/install/hexapod_link_attacher/share/ament_index/resource_index/package_run_dependencies/hexapod_link_attacher
[31.558s] -- Installing: /home/diego/hexapod_link_attacher_ws/install/hexapod_link_attacher/share/ament_index/resource_index/parent_prefix_path/hexapod_link_attacher
[31.558s] -- Installing: /home/diego/hexapod_link_attacher_ws/install/hexapod_link_attacher/share/hexapod_link_attacher/environment/ament_prefix_path.sh
[31.559s] -- Installing: /home/diego/hexapod_link_attacher_ws/install/hexapod_link_attacher/share/hexapod_link_attacher/environment/ament_prefix_path.dsv
[31.559s] -- Installing: /home/diego/hexapod_link_attacher_ws/install/hexapod_link_attacher/share/hexapod_link_attacher/environment/path.sh
[31.560s] -- Installing: /home/diego/hexapod_link_attacher_ws/install/hexapod_link_attacher/share/hexapod_link_attacher/environment/path.dsv
[31.560s] -- Installing: /home/diego/hexapod_link_attacher_ws/install/hexapod_link_attacher/share/hexapod_link_attacher/local_setup.bash
[31.560s] -- Installing: /home/diego/hexapod_link_attacher_ws/install/hexapod_link_attacher/share/hexapod_link_attacher/local_setup.sh
[31.561s] -- Installing: /home/diego/hexapod_link_attacher_ws/install/hexapod_link_attacher/share/hexapod_link_attacher/local_setup.zsh
[31.561s] -- Installing: /home/diego/hexapod_link_attacher_ws/install/hexapod_link_attacher/share/hexapod_link_attacher/local_setup.dsv
[31.562s] -- Installing: /home/diego/hexapod_link_attacher_ws/install/hexapod_link_attacher/share/hexapod_link_attacher/package.dsv
[31.562s] -- Installing: /home/diego/hexapod_link_attacher_ws/install/hexapod_link_attacher/share/ament_index/resource_index/packages/hexapod_link_attacher
[31.562s] -- Installing: /home/diego/hexapod_link_attacher_ws/install/hexapod_link_attacher/share/hexapod_link_attacher/cmake/ament_cmake_export_libraries-extras.cmake
[31.562s] -- Installing: /home/diego/hexapod_link_attacher_ws/install/hexapod_link_attacher/share/hexapod_link_attacher/cmake/ament_cmake_export_dependencies-extras.cmake
[31.563s] -- Installing: /home/diego/hexapod_link_attacher_ws/install/hexapod_link_attacher/share/hexapod_link_attacher/cmake/hexapod_link_attacherConfig.cmake
[31.563s] -- Installing: /home/diego/hexapod_link_attacher_ws/install/hexapod_link_attacher/share/hexapod_link_attacher/cmake/hexapod_link_attacherConfig-version.cmake
[31.563s] -- Installing: /home/diego/hexapod_link_attacher_ws/install/hexapod_link_attacher/share/hexapod_link_attacher/package.xml
[31.568s] Invoked command in '/home/diego/hexapod_link_attacher_ws/build/hexapod_link_attacher' returned '0': CMAKE_PREFIX_PATH=${CMAKE_PREFIX_PATH}:/home/diego/ros_ws/install/rover_teleop:/home/diego/ros_ws/install/rover_motor_controller:/home/diego/ros_ws/install/crimsonbot:/home/diego/crawler/install/robot_sim:/opt/ros/humble /usr/bin/cmake --install /home/diego/hexapod_link_attacher_ws/build/hexapod_link_attacher
