[0.361s] DEBUG:colcon:Command line arguments: ['/usr/bin/colcon', 'build']
[0.361s] DEBUG:colcon:Parsed command line arguments: Namespace(log_base=None, log_level=None, verb_name='build', build_base='build', install_base='install', merge_install=False, symlink_install=False, test_result_base=None, continue_on_error=False, executor='parallel', parallel_workers=8, event_handlers=None, ignore_user_meta=False, metas=['./colcon.meta'], base_paths=['.'], packages_ignore=None, packages_ignore_regex=None, paths=None, packages_up_to=None, packages_up_to_regex=None, packages_above=None, packages_above_and_dependencies=None, packages_above_depth=None, packages_select_by_dep=None, packages_skip_by_dep=None, packages_skip_up_to=None, packages_select_build_failed=False, packages_skip_build_finished=False, packages_select_test_failures=False, packages_skip_test_passed=False, packages_select=None, packages_skip=None, packages_select_regex=None, packages_skip_regex=None, packages_start=None, packages_end=None, allow_overriding=[], cmake_args=None, cmake_target=None, cmake_target_skip_unavailable=False, cmake_clean_cache=False, cmake_clean_first=False, cmake_force_configure=False, ament_cmake_args=None, catkin_cmake_args=None, catkin_skip_building_tests=False, mixin_files=None, mixin=None, verb_parser=<colcon_mixin.mixin.mixin_argument.MixinArgumentDecorator object at 0x789eaf45bc70>, verb_extension=<colcon_core.verb.build.BuildVerb object at 0x789eaf45b6d0>, main=<bound method BuildVerb.main of <colcon_core.verb.build.BuildVerb object at 0x789eaf45b6d0>>, mixin_verb=('build',))
[0.789s] Level 1:colcon.colcon_core.package_discovery:discover_packages(colcon_meta) check parameters
[0.789s] Level 1:colcon.colcon_core.package_discovery:discover_packages(recursive) check parameters
[0.789s] Level 1:colcon.colcon_core.package_discovery:discover_packages(ignore) check parameters
[0.789s] Level 1:colcon.colcon_core.package_discovery:discover_packages(path) check parameters
[0.789s] Level 1:colcon.colcon_core.package_discovery:discover_packages(colcon_meta) discover
[0.789s] Level 1:colcon.colcon_core.package_discovery:discover_packages(recursive) discover
[0.789s] INFO:colcon.colcon_core.package_discovery:Crawling recursively for packages in '/home/diego/assembly_with_links'
[0.790s] Level 1:colcon.colcon_core.package_identification:_identify(.) by extensions ['ignore', 'ignore_ament_install']
[0.790s] Level 1:colcon.colcon_core.package_identification:_identify(.) by extension 'ignore'
[0.790s] Level 1:colcon.colcon_core.package_identification:_identify(.) by extension 'ignore_ament_install'
[0.790s] Level 1:colcon.colcon_core.package_identification:_identify(.) by extensions ['colcon_pkg']
[0.790s] Level 1:colcon.colcon_core.package_identification:_identify(.) by extension 'colcon_pkg'
[0.790s] Level 1:colcon.colcon_core.package_identification:_identify(.) by extensions ['colcon_meta']
[0.790s] Level 1:colcon.colcon_core.package_identification:_identify(.) by extension 'colcon_meta'
[0.790s] Level 1:colcon.colcon_core.package_identification:_identify(.) by extensions ['ros']
[0.790s] Level 1:colcon.colcon_core.package_identification:_identify(.) by extension 'ros'
[0.817s] DEBUG:colcon.colcon_core.package_identification:Package '.' with type 'ros.ament_cmake' and name 'assembly_with_links'
[0.817s] Level 1:colcon.colcon_core.package_discovery:discover_packages(recursive) using defaults
[0.817s] Level 1:colcon.colcon_core.package_discovery:discover_packages(ignore) discover
[0.817s] Level 1:colcon.colcon_core.package_discovery:discover_packages(ignore) using defaults
[0.817s] Level 1:colcon.colcon_core.package_discovery:discover_packages(path) discover
[0.818s] Level 1:colcon.colcon_core.package_discovery:discover_packages(path) using defaults
[0.879s] Level 1:colcon.colcon_core.package_discovery:discover_packages(prefix_path) check parameters
[0.879s] Level 1:colcon.colcon_core.package_discovery:discover_packages(prefix_path) discover
[0.885s] DEBUG:colcon.colcon_installed_package_information.package_discovery:Found 3 installed packages in /home/diego/crawler/install
[0.886s] DEBUG:colcon.colcon_installed_package_information.package_discovery:Found 11 installed packages in /home/diego/ros_ws/install
[0.889s] DEBUG:colcon.colcon_installed_package_information.package_discovery:Found 428 installed packages in /opt/ros/humble
[0.893s] Level 1:colcon.colcon_core.package_discovery:discover_packages(prefix_path) using defaults
[0.996s] Level 5:colcon.colcon_core.verb:set package 'assembly_with_links' build argument 'cmake_args' from command line to 'None'
[0.996s] Level 5:colcon.colcon_core.verb:set package 'assembly_with_links' build argument 'cmake_target' from command line to 'None'
[0.997s] Level 5:colcon.colcon_core.verb:set package 'assembly_with_links' build argument 'cmake_target_skip_unavailable' from command line to 'False'
[0.997s] Level 5:colcon.colcon_core.verb:set package 'assembly_with_links' build argument 'cmake_clean_cache' from command line to 'False'
[0.997s] Level 5:colcon.colcon_core.verb:set package 'assembly_with_links' build argument 'cmake_clean_first' from command line to 'False'
[0.997s] Level 5:colcon.colcon_core.verb:set package 'assembly_with_links' build argument 'cmake_force_configure' from command line to 'False'
[0.997s] Level 5:colcon.colcon_core.verb:set package 'assembly_with_links' build argument 'ament_cmake_args' from command line to 'None'
[0.997s] Level 5:colcon.colcon_core.verb:set package 'assembly_with_links' build argument 'catkin_cmake_args' from command line to 'None'
[0.997s] Level 5:colcon.colcon_core.verb:set package 'assembly_with_links' build argument 'catkin_skip_building_tests' from command line to 'False'
[0.997s] DEBUG:colcon.colcon_core.verb:Building package 'assembly_with_links' with the following arguments: {'ament_cmake_args': None, 'build_base': '/home/diego/assembly_with_links/build/assembly_with_links', 'catkin_cmake_args': None, 'catkin_skip_building_tests': False, 'cmake_args': None, 'cmake_clean_cache': False, 'cmake_clean_first': False, 'cmake_force_configure': False, 'cmake_target': None, 'cmake_target_skip_unavailable': False, 'install_base': '/home/diego/assembly_with_links/install/assembly_with_links', 'merge_install': False, 'path': '/home/diego/assembly_with_links', 'symlink_install': False, 'test_result_base': None}
[0.997s] INFO:colcon.colcon_core.executor:Executing jobs using 'parallel' executor
[0.999s] DEBUG:colcon.colcon_parallel_executor.executor.parallel:run_until_complete
[0.999s] INFO:colcon.colcon_ros.task.ament_cmake.build:Building ROS package in '/home/diego/assembly_with_links' with build type 'ament_cmake'
[0.999s] INFO:colcon.colcon_cmake.task.cmake.build:Building CMake package in '/home/diego/assembly_with_links'
[1.005s] INFO:colcon.colcon_core.plugin_system:Skipping extension 'colcon_core.shell.bat': Not used on non-Windows systems
[1.005s] INFO:colcon.colcon_core.shell:Skip shell extension 'powershell' for command environment: Not usable outside of PowerShell
[1.005s] DEBUG:colcon.colcon_core.shell:Skip shell extension 'dsv' for command environment
[1.024s] DEBUG:colcon.colcon_core.event_handler.log_command:Invoking command in '/home/diego/assembly_with_links/build/assembly_with_links': CMAKE_PREFIX_PATH=${CMAKE_PREFIX_PATH}:/home/diego/ros_ws/install/rover_teleop:/home/diego/ros_ws/install/rover_motor_controller:/home/diego/ros_ws/install/crimsonbot:/home/diego/crawler/install/robot_sim:/opt/ros/humble /usr/bin/cmake --build /home/diego/assembly_with_links/build/assembly_with_links -- -j8 -l8
[1.130s] DEBUG:colcon.colcon_core.event_handler.log_command:Invoked command in '/home/diego/assembly_with_links/build/assembly_with_links' returned '0': CMAKE_PREFIX_PATH=${CMAKE_PREFIX_PATH}:/home/diego/ros_ws/install/rover_teleop:/home/diego/ros_ws/install/rover_motor_controller:/home/diego/ros_ws/install/crimsonbot:/home/diego/crawler/install/robot_sim:/opt/ros/humble /usr/bin/cmake --build /home/diego/assembly_with_links/build/assembly_with_links -- -j8 -l8
[1.153s] DEBUG:colcon.colcon_core.event_handler.log_command:Invoking command in '/home/diego/assembly_with_links/build/assembly_with_links': CMAKE_PREFIX_PATH=${CMAKE_PREFIX_PATH}:/home/diego/ros_ws/install/rover_teleop:/home/diego/ros_ws/install/rover_motor_controller:/home/diego/ros_ws/install/crimsonbot:/home/diego/crawler/install/robot_sim:/opt/ros/humble /usr/bin/cmake --install /home/diego/assembly_with_links/build/assembly_with_links
[1.181s] Level 1:colcon.colcon_core.environment:create_environment_scripts_only(assembly_with_links)
[1.196s] DEBUG:colcon.colcon_core.event_handler.log_command:Invoked command in '/home/diego/assembly_with_links/build/assembly_with_links' returned '0': CMAKE_PREFIX_PATH=${CMAKE_PREFIX_PATH}:/home/diego/ros_ws/install/rover_teleop:/home/diego/ros_ws/install/rover_motor_controller:/home/diego/ros_ws/install/crimsonbot:/home/diego/crawler/install/robot_sim:/opt/ros/humble /usr/bin/cmake --install /home/diego/assembly_with_links/build/assembly_with_links
[1.205s] Level 1:colcon.colcon_core.environment:checking '/home/diego/assembly_with_links/install/assembly_with_links' for CMake module files
[1.207s] Level 1:colcon.colcon_core.environment:checking '/home/diego/assembly_with_links/install/assembly_with_links' for CMake config files
[1.209s] Level 1:colcon.colcon_core.shell:create_environment_hook('assembly_with_links', 'cmake_prefix_path')
[1.210s] INFO:colcon.colcon_core.shell:Creating environment hook '/home/diego/assembly_with_links/install/assembly_with_links/share/assembly_with_links/hook/cmake_prefix_path.ps1'
[1.212s] INFO:colcon.colcon_core.shell:Creating environment descriptor '/home/diego/assembly_with_links/install/assembly_with_links/share/assembly_with_links/hook/cmake_prefix_path.dsv'
[1.214s] INFO:colcon.colcon_core.shell:Creating environment hook '/home/diego/assembly_with_links/install/assembly_with_links/share/assembly_with_links/hook/cmake_prefix_path.sh'
[1.217s] Level 1:colcon.colcon_core.environment:checking '/home/diego/assembly_with_links/install/assembly_with_links/bin'
[1.218s] Level 1:colcon.colcon_core.environment:checking '/home/diego/assembly_with_links/install/assembly_with_links/lib/pkgconfig/assembly_with_links.pc'
[1.218s] Level 1:colcon.colcon_core.environment:checking '/home/diego/assembly_with_links/install/assembly_with_links/lib/python3.10/site-packages'
[1.219s] Level 1:colcon.colcon_core.environment:checking '/home/diego/assembly_with_links/install/assembly_with_links/bin'
[1.220s] INFO:colcon.colcon_core.shell:Creating package script '/home/diego/assembly_with_links/install/assembly_with_links/share/assembly_with_links/package.ps1'
[1.224s] INFO:colcon.colcon_core.shell:Creating package descriptor '/home/diego/assembly_with_links/install/assembly_with_links/share/assembly_with_links/package.dsv'
[1.226s] INFO:colcon.colcon_core.shell:Creating package script '/home/diego/assembly_with_links/install/assembly_with_links/share/assembly_with_links/package.sh'
[1.230s] INFO:colcon.colcon_core.shell:Creating package script '/home/diego/assembly_with_links/install/assembly_with_links/share/assembly_with_links/package.bash'
[1.233s] INFO:colcon.colcon_core.shell:Creating package script '/home/diego/assembly_with_links/install/assembly_with_links/share/assembly_with_links/package.zsh'
[1.235s] Level 1:colcon.colcon_core.environment:create_file_with_runtime_dependencies(/home/diego/assembly_with_links/install/assembly_with_links/share/colcon-core/packages/assembly_with_links)
[1.237s] Level 1:colcon.colcon_core.environment:create_environment_scripts_only(assembly_with_links)
[1.238s] Level 1:colcon.colcon_core.environment:checking '/home/diego/assembly_with_links/install/assembly_with_links' for CMake module files
[1.239s] Level 1:colcon.colcon_core.environment:checking '/home/diego/assembly_with_links/install/assembly_with_links' for CMake config files
[1.240s] Level 1:colcon.colcon_core.shell:create_environment_hook('assembly_with_links', 'cmake_prefix_path')
[1.241s] INFO:colcon.colcon_core.shell:Creating environment hook '/home/diego/assembly_with_links/install/assembly_with_links/share/assembly_with_links/hook/cmake_prefix_path.ps1'
[1.241s] INFO:colcon.colcon_core.shell:Creating environment descriptor '/home/diego/assembly_with_links/install/assembly_with_links/share/assembly_with_links/hook/cmake_prefix_path.dsv'
[1.242s] INFO:colcon.colcon_core.shell:Creating environment hook '/home/diego/assembly_with_links/install/assembly_with_links/share/assembly_with_links/hook/cmake_prefix_path.sh'
[1.243s] Level 1:colcon.colcon_core.environment:checking '/home/diego/assembly_with_links/install/assembly_with_links/bin'
[1.243s] Level 1:colcon.colcon_core.environment:checking '/home/diego/assembly_with_links/install/assembly_with_links/lib/pkgconfig/assembly_with_links.pc'
[1.243s] Level 1:colcon.colcon_core.environment:checking '/home/diego/assembly_with_links/install/assembly_with_links/lib/python3.10/site-packages'
[1.244s] Level 1:colcon.colcon_core.environment:checking '/home/diego/assembly_with_links/install/assembly_with_links/bin'
[1.245s] INFO:colcon.colcon_core.shell:Creating package script '/home/diego/assembly_with_links/install/assembly_with_links/share/assembly_with_links/package.ps1'
[1.247s] INFO:colcon.colcon_core.shell:Creating package descriptor '/home/diego/assembly_with_links/install/assembly_with_links/share/assembly_with_links/package.dsv'
[1.248s] INFO:colcon.colcon_core.shell:Creating package script '/home/diego/assembly_with_links/install/assembly_with_links/share/assembly_with_links/package.sh'
[1.248s] INFO:colcon.colcon_core.shell:Creating package script '/home/diego/assembly_with_links/install/assembly_with_links/share/assembly_with_links/package.bash'
[1.249s] INFO:colcon.colcon_core.shell:Creating package script '/home/diego/assembly_with_links/install/assembly_with_links/share/assembly_with_links/package.zsh'
[1.250s] Level 1:colcon.colcon_core.environment:create_file_with_runtime_dependencies(/home/diego/assembly_with_links/install/assembly_with_links/share/colcon-core/packages/assembly_with_links)
[1.250s] DEBUG:colcon.colcon_parallel_executor.executor.parallel:closing loop
[1.250s] DEBUG:colcon.colcon_parallel_executor.executor.parallel:loop closed
[1.251s] DEBUG:colcon.colcon_parallel_executor.executor.parallel:run_until_complete finished with '0'
[1.251s] DEBUG:colcon.colcon_core.event_reactor:joining thread
[1.263s] INFO:colcon.colcon_core.plugin_system:Skipping extension 'colcon_notification.desktop_notification.terminal_notifier': Not used on non-Darwin systems
[1.263s] INFO:colcon.colcon_core.plugin_system:Skipping extension 'colcon_notification.desktop_notification.win32': Not used on non-Windows systems
[1.263s] INFO:colcon.colcon_notification.desktop_notification:Sending desktop notification using 'notify2'
[1.314s] DEBUG:colcon.colcon_core.event_reactor:joined thread
[1.315s] INFO:colcon.colcon_core.shell:Creating prefix script '/home/diego/assembly_with_links/install/local_setup.ps1'
[1.317s] INFO:colcon.colcon_core.shell:Creating prefix util module '/home/diego/assembly_with_links/install/_local_setup_util_ps1.py'
[1.320s] INFO:colcon.colcon_core.shell:Creating prefix chain script '/home/diego/assembly_with_links/install/setup.ps1'
[1.326s] INFO:colcon.colcon_core.shell:Creating prefix script '/home/diego/assembly_with_links/install/local_setup.sh'
[1.327s] INFO:colcon.colcon_core.shell:Creating prefix util module '/home/diego/assembly_with_links/install/_local_setup_util_sh.py'
[1.329s] INFO:colcon.colcon_core.shell:Creating prefix chain script '/home/diego/assembly_with_links/install/setup.sh'
[1.333s] INFO:colcon.colcon_core.shell:Creating prefix script '/home/diego/assembly_with_links/install/local_setup.bash'
[1.335s] INFO:colcon.colcon_core.shell:Creating prefix chain script '/home/diego/assembly_with_links/install/setup.bash'
[1.339s] INFO:colcon.colcon_core.shell:Creating prefix script '/home/diego/assembly_with_links/install/local_setup.zsh'
[1.341s] INFO:colcon.colcon_core.shell:Creating prefix chain script '/home/diego/assembly_with_links/install/setup.zsh'
