[0.017s] Invoking command in '/home/diego/assembly_with_links/build/assembly_with_links': CMAKE_PREFIX_PATH=${CMAKE_PREFIX_PATH}:/home/diego/ros_ws/install/rover_teleop:/home/diego/ros_ws/install/rover_motor_controller:/home/diego/ros_ws/install/crimsonbot:/home/diego/crawler/install/robot_sim:/opt/ros/humble /usr/bin/cmake --build /home/diego/assembly_with_links/build/assembly_with_links -- -j8 -l8
[0.090s] Invoked command in '/home/diego/assembly_with_links/build/assembly_with_links' returned '0': CMAKE_PREFIX_PATH=${CMAKE_PREFIX_PATH}:/home/diego/ros_ws/install/rover_teleop:/home/diego/ros_ws/install/rover_motor_controller:/home/diego/ros_ws/install/crimsonbot:/home/diego/crawler/install/robot_sim:/opt/ros/humble /usr/bin/cmake --build /home/diego/assembly_with_links/build/assembly_with_links -- -j8 -l8
[0.106s] Invoking command in '/home/diego/assembly_with_links/build/assembly_with_links': CMAKE_PREFIX_PATH=${CMAKE_PREFIX_PATH}:/home/diego/ros_ws/install/rover_teleop:/home/diego/ros_ws/install/rover_motor_controller:/home/diego/ros_ws/install/crimsonbot:/home/diego/crawler/install/robot_sim:/opt/ros/humble /usr/bin/cmake --install /home/diego/assembly_with_links/build/assembly_with_links
[0.115s] -- Install configuration: ""
[0.116s] -- Up-to-date: /home/diego/assembly_with_links/install/assembly_with_links/share/assembly_with_links/meshes
[0.116s] -- Up-to-date: /home/diego/assembly_with_links/install/assembly_with_links/share/assembly_with_links/meshes/link_3.STL
[0.116s] -- Up-to-date: /home/diego/assembly_with_links/install/assembly_with_links/share/assembly_with_links/meshes/link_1.STL
[0.116s] -- Up-to-date: /home/diego/assembly_with_links/install/assembly_with_links/share/assembly_with_links/meshes/base_link.STL
[0.117s] -- Up-to-date: /home/diego/assembly_with_links/install/assembly_with_links/share/assembly_with_links/meshes/link_2.STL
[0.117s] -- Up-to-date: /home/diego/assembly_with_links/install/assembly_with_links/share/assembly_with_links/meshes/link_4.STL
[0.117s] -- Up-to-date: /home/diego/assembly_with_links/install/assembly_with_links/share/assembly_with_links/urdf
[0.117s] -- Installing: /home/diego/assembly_with_links/install/assembly_with_links/share/assembly_with_links/urdf/assembly_with_links.urdf
[0.117s] -- Up-to-date: /home/diego/assembly_with_links/install/assembly_with_links/share/assembly_with_links/urdf/assembly_with_links.gv
[0.118s] -- Up-to-date: /home/diego/assembly_with_links/install/assembly_with_links/share/assembly_with_links/urdf/assembly_with_links_old.urdf
[0.118s] -- Up-to-date: /home/diego/assembly_with_links/install/assembly_with_links/share/assembly_with_links/urdf/assembly_with_links.pdf
[0.118s] -- Up-to-date: /home/diego/assembly_with_links/install/assembly_with_links/share/assembly_with_links/launch
[0.118s] -- Up-to-date: /home/diego/assembly_with_links/install/assembly_with_links/share/assembly_with_links/launch/display.launch.py
[0.118s] -- Up-to-date: /home/diego/assembly_with_links/install/assembly_with_links/share/assembly_with_links/launch/gazebo.launch.py
[0.118s] -- Up-to-date: /home/diego/assembly_with_links/install/assembly_with_links/share/assembly_with_links/config
[0.118s] -- Up-to-date: /home/diego/assembly_with_links/install/assembly_with_links/share/assembly_with_links/config/controllers.yaml
[0.119s] -- Up-to-date: /home/diego/assembly_with_links/install/assembly_with_links/share/assembly_with_links/config/joint_names_assembly_with_links.yaml
[0.119s] -- Up-to-date: /home/diego/assembly_with_links/install/assembly_with_links/share/assembly_with_links/config/controllers_old.yaml
[0.119s] -- Up-to-date: /home/diego/assembly_with_links/install/assembly_with_links/share/ament_index/resource_index/package_run_dependencies/assembly_with_links
[0.119s] -- Up-to-date: /home/diego/assembly_with_links/install/assembly_with_links/share/ament_index/resource_index/parent_prefix_path/assembly_with_links
[0.119s] -- Up-to-date: /home/diego/assembly_with_links/install/assembly_with_links/share/assembly_with_links/environment/ament_prefix_path.sh
[0.119s] -- Up-to-date: /home/diego/assembly_with_links/install/assembly_with_links/share/assembly_with_links/environment/ament_prefix_path.dsv
[0.120s] -- Up-to-date: /home/diego/assembly_with_links/install/assembly_with_links/share/assembly_with_links/environment/path.sh
[0.120s] -- Up-to-date: /home/diego/assembly_with_links/install/assembly_with_links/share/assembly_with_links/environment/path.dsv
[0.120s] -- Up-to-date: /home/diego/assembly_with_links/install/assembly_with_links/share/assembly_with_links/local_setup.bash
[0.120s] -- Up-to-date: /home/diego/assembly_with_links/install/assembly_with_links/share/assembly_with_links/local_setup.sh
[0.121s] -- Up-to-date: /home/diego/assembly_with_links/install/assembly_with_links/share/assembly_with_links/local_setup.zsh
[0.121s] -- Up-to-date: /home/diego/assembly_with_links/install/assembly_with_links/share/assembly_with_links/local_setup.dsv
[0.121s] -- Installing: /home/diego/assembly_with_links/install/assembly_with_links/share/assembly_with_links/package.dsv
[0.122s] -- Up-to-date: /home/diego/assembly_with_links/install/assembly_with_links/share/ament_index/resource_index/packages/assembly_with_links
[0.122s] -- Up-to-date: /home/diego/assembly_with_links/install/assembly_with_links/share/assembly_with_links/cmake/assembly_with_linksConfig.cmake
[0.123s] -- Up-to-date: /home/diego/assembly_with_links/install/assembly_with_links/share/assembly_with_links/cmake/assembly_with_linksConfig-version.cmake
[0.123s] -- Up-to-date: /home/diego/assembly_with_links/install/assembly_with_links/share/assembly_with_links/package.xml
[0.124s] Invoked command in '/home/diego/assembly_with_links/build/assembly_with_links' returned '0': CMAKE_PREFIX_PATH=${CMAKE_PREFIX_PATH}:/home/diego/ros_ws/install/rover_teleop:/home/diego/ros_ws/install/rover_motor_controller:/home/diego/ros_ws/install/crimsonbot:/home/diego/crawler/install/robot_sim:/opt/ros/humble /usr/bin/cmake --install /home/diego/assembly_with_links/build/assembly_with_links
