-- Install configuration: ""
-- Up-to-date: /home/diego/assembly_with_links/install/assembly_with_links/share/assembly_with_links/meshes
-- Up-to-date: /home/diego/assembly_with_links/install/assembly_with_links/share/assembly_with_links/meshes/link_3.STL
-- Up-to-date: /home/diego/assembly_with_links/install/assembly_with_links/share/assembly_with_links/meshes/link_1.STL
-- Up-to-date: /home/diego/assembly_with_links/install/assembly_with_links/share/assembly_with_links/meshes/base_link.STL
-- Up-to-date: /home/diego/assembly_with_links/install/assembly_with_links/share/assembly_with_links/meshes/link_2.STL
-- Up-to-date: /home/diego/assembly_with_links/install/assembly_with_links/share/assembly_with_links/meshes/link_4.STL
-- Up-to-date: /home/diego/assembly_with_links/install/assembly_with_links/share/assembly_with_links/urdf
-- Installing: /home/diego/assembly_with_links/install/assembly_with_links/share/assembly_with_links/urdf/assembly_with_links.urdf
-- Up-to-date: /home/diego/assembly_with_links/install/assembly_with_links/share/assembly_with_links/urdf/assembly_with_links.gv
-- Installing: /home/diego/assembly_with_links/install/assembly_with_links/share/assembly_with_links/urdf/assembly_with_links_old.urdf
-- Up-to-date: /home/diego/assembly_with_links/install/assembly_with_links/share/assembly_with_links/urdf/assembly_with_links.pdf
-- Up-to-date: /home/diego/assembly_with_links/install/assembly_with_links/share/assembly_with_links/launch
-- Up-to-date: /home/diego/assembly_with_links/install/assembly_with_links/share/assembly_with_links/launch/display.launch.py
-- Installing: /home/diego/assembly_with_links/install/assembly_with_links/share/assembly_with_links/launch/gazebo.launch.py
-- Up-to-date: /home/diego/assembly_with_links/install/assembly_with_links/share/assembly_with_links/config
-- Installing: /home/diego/assembly_with_links/install/assembly_with_links/share/assembly_with_links/config/controllers.yaml
-- Up-to-date: /home/diego/assembly_with_links/install/assembly_with_links/share/assembly_with_links/config/joint_names_assembly_with_links.yaml
-- Installing: /home/diego/assembly_with_links/install/assembly_with_links/share/assembly_with_links/config/controllers_old.yaml
-- Up-to-date: /home/diego/assembly_with_links/install/assembly_with_links/share/ament_index/resource_index/package_run_dependencies/assembly_with_links
-- Up-to-date: /home/diego/assembly_with_links/install/assembly_with_links/share/ament_index/resource_index/parent_prefix_path/assembly_with_links
-- Up-to-date: /home/diego/assembly_with_links/install/assembly_with_links/share/assembly_with_links/environment/ament_prefix_path.sh
-- Up-to-date: /home/diego/assembly_with_links/install/assembly_with_links/share/assembly_with_links/environment/ament_prefix_path.dsv
-- Up-to-date: /home/diego/assembly_with_links/install/assembly_with_links/share/assembly_with_links/environment/path.sh
-- Up-to-date: /home/diego/assembly_with_links/install/assembly_with_links/share/assembly_with_links/environment/path.dsv
-- Up-to-date: /home/diego/assembly_with_links/install/assembly_with_links/share/assembly_with_links/local_setup.bash
-- Up-to-date: /home/diego/assembly_with_links/install/assembly_with_links/share/assembly_with_links/local_setup.sh
-- Up-to-date: /home/diego/assembly_with_links/install/assembly_with_links/share/assembly_with_links/local_setup.zsh
-- Up-to-date: /home/diego/assembly_with_links/install/assembly_with_links/share/assembly_with_links/local_setup.dsv
-- Installing: /home/diego/assembly_with_links/install/assembly_with_links/share/assembly_with_links/package.dsv
-- Up-to-date: /home/diego/assembly_with_links/install/assembly_with_links/share/ament_index/resource_index/packages/assembly_with_links
-- Up-to-date: /home/diego/assembly_with_links/install/assembly_with_links/share/assembly_with_links/cmake/assembly_with_linksConfig.cmake
-- Up-to-date: /home/diego/assembly_with_links/install/assembly_with_links/share/assembly_with_links/cmake/assembly_with_linksConfig-version.cmake
-- Up-to-date: /home/diego/assembly_with_links/install/assembly_with_links/share/assembly_with_links/package.xml
