[0.345s] DEBUG:colcon:Command line arguments: ['/usr/bin/colcon', 'build']
[0.345s] DEBUG:colcon:Parsed command line arguments: Namespace(log_base=None, log_level=None, verb_name='build', build_base='build', install_base='install', merge_install=False, symlink_install=False, test_result_base=None, continue_on_error=False, executor='parallel', parallel_workers=8, event_handlers=None, ignore_user_meta=False, metas=['./colcon.meta'], base_paths=['.'], packages_ignore=None, packages_ignore_regex=None, paths=None, packages_up_to=None, packages_up_to_regex=None, packages_above=None, packages_above_and_dependencies=None, packages_above_depth=None, packages_select_by_dep=None, packages_skip_by_dep=None, packages_skip_up_to=None, packages_select_build_failed=False, packages_skip_build_finished=False, packages_select_test_failures=False, packages_skip_test_passed=False, packages_select=None, packages_skip=None, packages_select_regex=None, packages_skip_regex=None, packages_start=None, packages_end=None, allow_overriding=[], cmake_args=None, cmake_target=None, cmake_target_skip_unavailable=False, cmake_clean_cache=False, cmake_clean_first=False, cmake_force_configure=False, ament_cmake_args=None, catkin_cmake_args=None, catkin_skip_building_tests=False, mixin_files=None, mixin=None, verb_parser=<colcon_mixin.mixin.mixin_argument.MixinArgumentDecorator object at 0x7cd8dbf5bbb0>, verb_extension=<colcon_core.verb.build.BuildVerb object at 0x7cd8dbf5b610>, main=<bound method BuildVerb.main of <colcon_core.verb.build.BuildVerb object at 0x7cd8dbf5b610>>, mixin_verb=('build',))
[0.764s] Level 1:colcon.colcon_core.package_discovery:discover_packages(colcon_meta) check parameters
[0.765s] Level 1:colcon.colcon_core.package_discovery:discover_packages(recursive) check parameters
[0.765s] Level 1:colcon.colcon_core.package_discovery:discover_packages(ignore) check parameters
[0.765s] Level 1:colcon.colcon_core.package_discovery:discover_packages(path) check parameters
[0.765s] Level 1:colcon.colcon_core.package_discovery:discover_packages(colcon_meta) discover
[0.765s] Level 1:colcon.colcon_core.package_discovery:discover_packages(recursive) discover
[0.765s] INFO:colcon.colcon_core.package_discovery:Crawling recursively for packages in '/home/diego/assembly_with_links'
[0.765s] Level 1:colcon.colcon_core.package_identification:_identify(.) by extensions ['ignore', 'ignore_ament_install']
[0.765s] Level 1:colcon.colcon_core.package_identification:_identify(.) by extension 'ignore'
[0.766s] Level 1:colcon.colcon_core.package_identification:_identify(.) by extension 'ignore_ament_install'
[0.766s] Level 1:colcon.colcon_core.package_identification:_identify(.) by extensions ['colcon_pkg']
[0.766s] Level 1:colcon.colcon_core.package_identification:_identify(.) by extension 'colcon_pkg'
[0.766s] Level 1:colcon.colcon_core.package_identification:_identify(.) by extensions ['colcon_meta']
[0.766s] Level 1:colcon.colcon_core.package_identification:_identify(.) by extension 'colcon_meta'
[0.766s] Level 1:colcon.colcon_core.package_identification:_identify(.) by extensions ['ros']
[0.766s] Level 1:colcon.colcon_core.package_identification:_identify(.) by extension 'ros'
[0.790s] DEBUG:colcon.colcon_core.package_identification:Package '.' with type 'ros.ament_cmake' and name 'assembly_with_links'
[0.790s] Level 1:colcon.colcon_core.package_discovery:discover_packages(recursive) using defaults
[0.791s] Level 1:colcon.colcon_core.package_discovery:discover_packages(ignore) discover
[0.791s] Level 1:colcon.colcon_core.package_discovery:discover_packages(ignore) using defaults
[0.791s] Level 1:colcon.colcon_core.package_discovery:discover_packages(path) discover
[0.791s] Level 1:colcon.colcon_core.package_discovery:discover_packages(path) using defaults
[0.850s] Level 1:colcon.colcon_core.package_discovery:discover_packages(prefix_path) check parameters
[0.850s] Level 1:colcon.colcon_core.package_discovery:discover_packages(prefix_path) discover
[0.856s] DEBUG:colcon.colcon_installed_package_information.package_discovery:Found 3 installed packages in /home/diego/crawler/install
[0.857s] DEBUG:colcon.colcon_installed_package_information.package_discovery:Found 11 installed packages in /home/diego/ros_ws/install
[0.860s] DEBUG:colcon.colcon_installed_package_information.package_discovery:Found 427 installed packages in /opt/ros/humble
[0.864s] Level 1:colcon.colcon_core.package_discovery:discover_packages(prefix_path) using defaults
[0.965s] Level 5:colcon.colcon_core.verb:set package 'assembly_with_links' build argument 'cmake_args' from command line to 'None'
[0.965s] Level 5:colcon.colcon_core.verb:set package 'assembly_with_links' build argument 'cmake_target' from command line to 'None'
[0.965s] Level 5:colcon.colcon_core.verb:set package 'assembly_with_links' build argument 'cmake_target_skip_unavailable' from command line to 'False'
[0.966s] Level 5:colcon.colcon_core.verb:set package 'assembly_with_links' build argument 'cmake_clean_cache' from command line to 'False'
[0.966s] Level 5:colcon.colcon_core.verb:set package 'assembly_with_links' build argument 'cmake_clean_first' from command line to 'False'
[0.966s] Level 5:colcon.colcon_core.verb:set package 'assembly_with_links' build argument 'cmake_force_configure' from command line to 'False'
[0.966s] Level 5:colcon.colcon_core.verb:set package 'assembly_with_links' build argument 'ament_cmake_args' from command line to 'None'
[0.966s] Level 5:colcon.colcon_core.verb:set package 'assembly_with_links' build argument 'catkin_cmake_args' from command line to 'None'
[0.966s] Level 5:colcon.colcon_core.verb:set package 'assembly_with_links' build argument 'catkin_skip_building_tests' from command line to 'False'
[0.966s] DEBUG:colcon.colcon_core.verb:Building package 'assembly_with_links' with the following arguments: {'ament_cmake_args': None, 'build_base': '/home/diego/assembly_with_links/build/assembly_with_links', 'catkin_cmake_args': None, 'catkin_skip_building_tests': False, 'cmake_args': None, 'cmake_clean_cache': False, 'cmake_clean_first': False, 'cmake_force_configure': False, 'cmake_target': None, 'cmake_target_skip_unavailable': False, 'install_base': '/home/diego/assembly_with_links/install/assembly_with_links', 'merge_install': False, 'path': '/home/diego/assembly_with_links', 'symlink_install': False, 'test_result_base': None}
[0.966s] INFO:colcon.colcon_core.executor:Executing jobs using 'parallel' executor
[0.968s] DEBUG:colcon.colcon_parallel_executor.executor.parallel:run_until_complete
[0.968s] INFO:colcon.colcon_ros.task.ament_cmake.build:Building ROS package in '/home/diego/assembly_with_links' with build type 'ament_cmake'
[0.968s] INFO:colcon.colcon_cmake.task.cmake.build:Building CMake package in '/home/diego/assembly_with_links'
[0.974s] INFO:colcon.colcon_core.plugin_system:Skipping extension 'colcon_core.shell.bat': Not used on non-Windows systems
[0.974s] INFO:colcon.colcon_core.shell:Skip shell extension 'powershell' for command environment: Not usable outside of PowerShell
[0.974s] DEBUG:colcon.colcon_core.shell:Skip shell extension 'dsv' for command environment
[0.997s] DEBUG:colcon.colcon_core.event_handler.log_command:Invoking command in '/home/diego/assembly_with_links/build/assembly_with_links': CMAKE_PREFIX_PATH=${CMAKE_PREFIX_PATH}:/home/diego/ros_ws/install/rover_teleop:/home/diego/ros_ws/install/rover_motor_controller:/home/diego/ros_ws/install/crimsonbot:/home/diego/crawler/install/robot_sim:/opt/ros/humble /usr/bin/cmake --build /home/diego/assembly_with_links/build/assembly_with_links -- -j8 -l8
[1.119s] DEBUG:colcon.colcon_core.event_handler.log_command:Invoked command in '/home/diego/assembly_with_links/build/assembly_with_links' returned '0': CMAKE_PREFIX_PATH=${CMAKE_PREFIX_PATH}:/home/diego/ros_ws/install/rover_teleop:/home/diego/ros_ws/install/rover_motor_controller:/home/diego/ros_ws/install/crimsonbot:/home/diego/crawler/install/robot_sim:/opt/ros/humble /usr/bin/cmake --build /home/diego/assembly_with_links/build/assembly_with_links -- -j8 -l8
[1.141s] DEBUG:colcon.colcon_core.event_handler.log_command:Invoking command in '/home/diego/assembly_with_links/build/assembly_with_links': CMAKE_PREFIX_PATH=${CMAKE_PREFIX_PATH}:/home/diego/ros_ws/install/rover_teleop:/home/diego/ros_ws/install/rover_motor_controller:/home/diego/ros_ws/install/crimsonbot:/home/diego/crawler/install/robot_sim:/opt/ros/humble /usr/bin/cmake --install /home/diego/assembly_with_links/build/assembly_with_links
[1.164s] Level 1:colcon.colcon_core.environment:create_environment_scripts_only(assembly_with_links)
[1.164s] DEBUG:colcon.colcon_core.event_handler.log_command:Invoked command in '/home/diego/assembly_with_links/build/assembly_with_links' returned '0': CMAKE_PREFIX_PATH=${CMAKE_PREFIX_PATH}:/home/diego/ros_ws/install/rover_teleop:/home/diego/ros_ws/install/rover_motor_controller:/home/diego/ros_ws/install/crimsonbot:/home/diego/crawler/install/robot_sim:/opt/ros/humble /usr/bin/cmake --install /home/diego/assembly_with_links/build/assembly_with_links
[1.174s] Level 1:colcon.colcon_core.environment:checking '/home/diego/assembly_with_links/install/assembly_with_links' for CMake module files
[1.175s] Level 1:colcon.colcon_core.environment:checking '/home/diego/assembly_with_links/install/assembly_with_links' for CMake config files
[1.176s] Level 1:colcon.colcon_core.shell:create_environment_hook('assembly_with_links', 'cmake_prefix_path')
[1.176s] INFO:colcon.colcon_core.shell:Creating environment hook '/home/diego/assembly_with_links/install/assembly_with_links/share/assembly_with_links/hook/cmake_prefix_path.ps1'
[1.177s] INFO:colcon.colcon_core.shell:Creating environment descriptor '/home/diego/assembly_with_links/install/assembly_with_links/share/assembly_with_links/hook/cmake_prefix_path.dsv'
[1.178s] INFO:colcon.colcon_core.shell:Creating environment hook '/home/diego/assembly_with_links/install/assembly_with_links/share/assembly_with_links/hook/cmake_prefix_path.sh'
[1.180s] Level 1:colcon.colcon_core.environment:checking '/home/diego/assembly_with_links/install/assembly_with_links/bin'
[1.180s] Level 1:colcon.colcon_core.environment:checking '/home/diego/assembly_with_links/install/assembly_with_links/lib/pkgconfig/assembly_with_links.pc'
[1.181s] Level 1:colcon.colcon_core.environment:checking '/home/diego/assembly_with_links/install/assembly_with_links/lib/python3.10/site-packages'
[1.181s] Level 1:colcon.colcon_core.environment:checking '/home/diego/assembly_with_links/install/assembly_with_links/bin'
[1.182s] INFO:colcon.colcon_core.shell:Creating package script '/home/diego/assembly_with_links/install/assembly_with_links/share/assembly_with_links/package.ps1'
[1.185s] INFO:colcon.colcon_core.shell:Creating package descriptor '/home/diego/assembly_with_links/install/assembly_with_links/share/assembly_with_links/package.dsv'
[1.186s] INFO:colcon.colcon_core.shell:Creating package script '/home/diego/assembly_with_links/install/assembly_with_links/share/assembly_with_links/package.sh'
[1.188s] INFO:colcon.colcon_core.shell:Creating package script '/home/diego/assembly_with_links/install/assembly_with_links/share/assembly_with_links/package.bash'
[1.190s] INFO:colcon.colcon_core.shell:Creating package script '/home/diego/assembly_with_links/install/assembly_with_links/share/assembly_with_links/package.zsh'
[1.192s] Level 1:colcon.colcon_core.environment:create_file_with_runtime_dependencies(/home/diego/assembly_with_links/install/assembly_with_links/share/colcon-core/packages/assembly_with_links)
[1.193s] Level 1:colcon.colcon_core.environment:create_environment_scripts_only(assembly_with_links)
[1.194s] Level 1:colcon.colcon_core.environment:checking '/home/diego/assembly_with_links/install/assembly_with_links' for CMake module files
[1.195s] Level 1:colcon.colcon_core.environment:checking '/home/diego/assembly_with_links/install/assembly_with_links' for CMake config files
[1.196s] Level 1:colcon.colcon_core.shell:create_environment_hook('assembly_with_links', 'cmake_prefix_path')
[1.196s] INFO:colcon.colcon_core.shell:Creating environment hook '/home/diego/assembly_with_links/install/assembly_with_links/share/assembly_with_links/hook/cmake_prefix_path.ps1'
[1.197s] INFO:colcon.colcon_core.shell:Creating environment descriptor '/home/diego/assembly_with_links/install/assembly_with_links/share/assembly_with_links/hook/cmake_prefix_path.dsv'
[1.198s] INFO:colcon.colcon_core.shell:Creating environment hook '/home/diego/assembly_with_links/install/assembly_with_links/share/assembly_with_links/hook/cmake_prefix_path.sh'
[1.199s] Level 1:colcon.colcon_core.environment:checking '/home/diego/assembly_with_links/install/assembly_with_links/bin'
[1.199s] Level 1:colcon.colcon_core.environment:checking '/home/diego/assembly_with_links/install/assembly_with_links/lib/pkgconfig/assembly_with_links.pc'
[1.200s] Level 1:colcon.colcon_core.environment:checking '/home/diego/assembly_with_links/install/assembly_with_links/lib/python3.10/site-packages'
[1.200s] Level 1:colcon.colcon_core.environment:checking '/home/diego/assembly_with_links/install/assembly_with_links/bin'
[1.201s] INFO:colcon.colcon_core.shell:Creating package script '/home/diego/assembly_with_links/install/assembly_with_links/share/assembly_with_links/package.ps1'
[1.202s] INFO:colcon.colcon_core.shell:Creating package descriptor '/home/diego/assembly_with_links/install/assembly_with_links/share/assembly_with_links/package.dsv'
[1.203s] INFO:colcon.colcon_core.shell:Creating package script '/home/diego/assembly_with_links/install/assembly_with_links/share/assembly_with_links/package.sh'
[1.204s] INFO:colcon.colcon_core.shell:Creating package script '/home/diego/assembly_with_links/install/assembly_with_links/share/assembly_with_links/package.bash'
[1.205s] INFO:colcon.colcon_core.shell:Creating package script '/home/diego/assembly_with_links/install/assembly_with_links/share/assembly_with_links/package.zsh'
[1.206s] Level 1:colcon.colcon_core.environment:create_file_with_runtime_dependencies(/home/diego/assembly_with_links/install/assembly_with_links/share/colcon-core/packages/assembly_with_links)
[1.207s] DEBUG:colcon.colcon_parallel_executor.executor.parallel:closing loop
[1.207s] DEBUG:colcon.colcon_parallel_executor.executor.parallel:loop closed
[1.207s] DEBUG:colcon.colcon_parallel_executor.executor.parallel:run_until_complete finished with '0'
[1.207s] DEBUG:colcon.colcon_core.event_reactor:joining thread
[1.225s] INFO:colcon.colcon_core.plugin_system:Skipping extension 'colcon_notification.desktop_notification.terminal_notifier': Not used on non-Darwin systems
[1.226s] INFO:colcon.colcon_core.plugin_system:Skipping extension 'colcon_notification.desktop_notification.win32': Not used on non-Windows systems
[1.226s] INFO:colcon.colcon_notification.desktop_notification:Sending desktop notification using 'notify2'
[1.269s] DEBUG:colcon.colcon_core.event_reactor:joined thread
[1.270s] INFO:colcon.colcon_core.shell:Creating prefix script '/home/diego/assembly_with_links/install/local_setup.ps1'
[1.273s] INFO:colcon.colcon_core.shell:Creating prefix util module '/home/diego/assembly_with_links/install/_local_setup_util_ps1.py'
[1.277s] INFO:colcon.colcon_core.shell:Creating prefix chain script '/home/diego/assembly_with_links/install/setup.ps1'
[1.283s] INFO:colcon.colcon_core.shell:Creating prefix script '/home/diego/assembly_with_links/install/local_setup.sh'
[1.285s] INFO:colcon.colcon_core.shell:Creating prefix util module '/home/diego/assembly_with_links/install/_local_setup_util_sh.py'
[1.287s] INFO:colcon.colcon_core.shell:Creating prefix chain script '/home/diego/assembly_with_links/install/setup.sh'
[1.293s] INFO:colcon.colcon_core.shell:Creating prefix script '/home/diego/assembly_with_links/install/local_setup.bash'
[1.295s] INFO:colcon.colcon_core.shell:Creating prefix chain script '/home/diego/assembly_with_links/install/setup.bash'
[1.300s] INFO:colcon.colcon_core.shell:Creating prefix script '/home/diego/assembly_with_links/install/local_setup.zsh'
[1.302s] INFO:colcon.colcon_core.shell:Creating prefix chain script '/home/diego/assembly_with_links/install/setup.zsh'
