-- Install configuration: ""
-- Up-to-date: /home/diego/assembly_with_links/install/assembly_with_links/share/assembly_with_links/launch
-- Up-to-date: /home/diego/assembly_with_links/install/assembly_with_links/share/assembly_with_links/launch/display.launch.py
-- Installing: /home/diego/assembly_with_links/install/assembly_with_links/share/assembly_with_links/launch/gazebo.launch.py
-- Up-to-date: /home/diego/assembly_with_links/install/assembly_with_links/share/assembly_with_links/urdf
-- Installing: /home/diego/assembly_with_links/install/assembly_with_links/share/assembly_with_links/urdf/assembly_with_links.urdf
-- Installing: /home/diego/assembly_with_links/install/assembly_with_links/share/assembly_with_links/urdf/assembly_with_links.gv
-- Installing: /home/diego/assembly_with_links/install/assembly_with_links/share/assembly_with_links/urdf/assembly_with_links.pdf
-- Up-to-date: /home/diego/assembly_with_links/install/assembly_with_links/share/assembly_with_links/meshes
-- Up-to-date: /home/diego/assembly_with_links/install/assembly_with_links/share/assembly_with_links/meshes/base_link.stl
-- Up-to-date: /home/diego/assembly_with_links/install/assembly_with_links/share/assembly_with_links/meshes/link_3.dae
-- Up-to-date: /home/diego/assembly_with_links/install/assembly_with_links/share/assembly_with_links/meshes/end_effector_link.stl
-- Up-to-date: /home/diego/assembly_with_links/install/assembly_with_links/share/assembly_with_links/meshes/link_3.STL
-- Up-to-date: /home/diego/assembly_with_links/install/assembly_with_links/share/assembly_with_links/meshes/link_1.STL
-- Up-to-date: /home/diego/assembly_with_links/install/assembly_with_links/share/assembly_with_links/meshes/end_effector_link.STL
-- Up-to-date: /home/diego/assembly_with_links/install/assembly_with_links/share/assembly_with_links/meshes/link_1.stl
-- Up-to-date: /home/diego/assembly_with_links/install/assembly_with_links/share/assembly_with_links/meshes/link_4.dae
-- Up-to-date: /home/diego/assembly_with_links/install/assembly_with_links/share/assembly_with_links/meshes/link_1.dae
-- Up-to-date: /home/diego/assembly_with_links/install/assembly_with_links/share/assembly_with_links/meshes/link_4.stl
-- Up-to-date: /home/diego/assembly_with_links/install/assembly_with_links/share/assembly_with_links/meshes/base_link.STL
-- Up-to-date: /home/diego/assembly_with_links/install/assembly_with_links/share/assembly_with_links/meshes/base_link.dae
-- Up-to-date: /home/diego/assembly_with_links/install/assembly_with_links/share/assembly_with_links/meshes/end_effector_link.dae
-- Up-to-date: /home/diego/assembly_with_links/install/assembly_with_links/share/assembly_with_links/meshes/log
-- Up-to-date: /home/diego/assembly_with_links/install/assembly_with_links/share/assembly_with_links/meshes/log/latest_build
-- Up-to-date: /home/diego/assembly_with_links/install/assembly_with_links/share/assembly_with_links/meshes/log/latest
-- Up-to-date: /home/diego/assembly_with_links/install/assembly_with_links/share/assembly_with_links/meshes/log/build_2026-07-07_00-29-49
-- Up-to-date: /home/diego/assembly_with_links/install/assembly_with_links/share/assembly_with_links/meshes/log/build_2026-07-07_00-29-49/events.log
-- Up-to-date: /home/diego/assembly_with_links/install/assembly_with_links/share/assembly_with_links/meshes/log/build_2026-07-07_00-29-49/logger_all.log
-- Up-to-date: /home/diego/assembly_with_links/install/assembly_with_links/share/assembly_with_links/meshes/log/COLCON_IGNORE
-- Up-to-date: /home/diego/assembly_with_links/install/assembly_with_links/share/assembly_with_links/meshes/build
-- Up-to-date: /home/diego/assembly_with_links/install/assembly_with_links/share/assembly_with_links/meshes/build/.built_by
-- Up-to-date: /home/diego/assembly_with_links/install/assembly_with_links/share/assembly_with_links/meshes/build/COLCON_IGNORE
-- Up-to-date: /home/diego/assembly_with_links/install/assembly_with_links/share/assembly_with_links/meshes/link_2.stl
-- Up-to-date: /home/diego/assembly_with_links/install/assembly_with_links/share/assembly_with_links/meshes/link_2.dae
-- Up-to-date: /home/diego/assembly_with_links/install/assembly_with_links/share/assembly_with_links/meshes/link_3.stl
-- Up-to-date: /home/diego/assembly_with_links/install/assembly_with_links/share/assembly_with_links/meshes/install
-- Up-to-date: /home/diego/assembly_with_links/install/assembly_with_links/share/assembly_with_links/meshes/install/local_setup.zsh
-- Up-to-date: /home/diego/assembly_with_links/install/assembly_with_links/share/assembly_with_links/meshes/install/local_setup.ps1
-- Up-to-date: /home/diego/assembly_with_links/install/assembly_with_links/share/assembly_with_links/meshes/install/setup.bash
-- Up-to-date: /home/diego/assembly_with_links/install/assembly_with_links/share/assembly_with_links/meshes/install/local_setup.sh
-- Up-to-date: /home/diego/assembly_with_links/install/assembly_with_links/share/assembly_with_links/meshes/install/setup.ps1
-- Up-to-date: /home/diego/assembly_with_links/install/assembly_with_links/share/assembly_with_links/meshes/install/local_setup.bash
-- Up-to-date: /home/diego/assembly_with_links/install/assembly_with_links/share/assembly_with_links/meshes/install/setup.sh
-- Up-to-date: /home/diego/assembly_with_links/install/assembly_with_links/share/assembly_with_links/meshes/install/_local_setup_util_sh.py
-- Up-to-date: /home/diego/assembly_with_links/install/assembly_with_links/share/assembly_with_links/meshes/install/.colcon_install_layout
-- Up-to-date: /home/diego/assembly_with_links/install/assembly_with_links/share/assembly_with_links/meshes/install/_local_setup_util_ps1.py
-- Up-to-date: /home/diego/assembly_with_links/install/assembly_with_links/share/assembly_with_links/meshes/install/setup.zsh
-- Up-to-date: /home/diego/assembly_with_links/install/assembly_with_links/share/assembly_with_links/meshes/install/COLCON_IGNORE
-- Up-to-date: /home/diego/assembly_with_links/install/assembly_with_links/share/assembly_with_links/meshes/link_2.STL
-- Up-to-date: /home/diego/assembly_with_links/install/assembly_with_links/share/assembly_with_links/meshes/link_4.STL
-- Up-to-date: /home/diego/assembly_with_links/install/assembly_with_links/share/assembly_with_links/config
-- Up-to-date: /home/diego/assembly_with_links/install/assembly_with_links/share/assembly_with_links/config/joint_names_assembly_with_links.yaml
-- Up-to-date: /home/diego/assembly_with_links/install/assembly_with_links/share/ament_index/resource_index/package_run_dependencies/assembly_with_links
-- Up-to-date: /home/diego/assembly_with_links/install/assembly_with_links/share/ament_index/resource_index/parent_prefix_path/assembly_with_links
-- Up-to-date: /home/diego/assembly_with_links/install/assembly_with_links/share/assembly_with_links/environment/ament_prefix_path.sh
-- Up-to-date: /home/diego/assembly_with_links/install/assembly_with_links/share/assembly_with_links/environment/ament_prefix_path.dsv
-- Up-to-date: /home/diego/assembly_with_links/install/assembly_with_links/share/assembly_with_links/environment/path.sh
-- Up-to-date: /home/diego/assembly_with_links/install/assembly_with_links/share/assembly_with_links/environment/path.dsv
-- Up-to-date: /home/diego/assembly_with_links/install/assembly_with_links/share/assembly_with_links/local_setup.bash
-- Up-to-date: /home/diego/assembly_with_links/install/assembly_with_links/share/assembly_with_links/local_setup.sh
-- Up-to-date: /home/diego/assembly_with_links/install/assembly_with_links/share/assembly_with_links/local_setup.zsh
-- Up-to-date: /home/diego/assembly_with_links/install/assembly_with_links/share/assembly_with_links/local_setup.dsv
-- Installing: /home/diego/assembly_with_links/install/assembly_with_links/share/assembly_with_links/package.dsv
-- Up-to-date: /home/diego/assembly_with_links/install/assembly_with_links/share/ament_index/resource_index/packages/assembly_with_links
-- Up-to-date: /home/diego/assembly_with_links/install/assembly_with_links/share/assembly_with_links/cmake/assembly_with_linksConfig.cmake
-- Up-to-date: /home/diego/assembly_with_links/install/assembly_with_links/share/assembly_with_links/cmake/assembly_with_linksConfig-version.cmake
-- Up-to-date: /home/diego/assembly_with_links/install/assembly_with_links/share/assembly_with_links/package.xml
