[0.019s] Invoking command in '/home/diego/assembly_with_links/build/assembly_with_links': CMAKE_PREFIX_PATH=${CMAKE_PREFIX_PATH}:/home/diego/ros_ws/install/rover_teleop:/home/diego/ros_ws/install/rover_motor_controller:/home/diego/ros_ws/install/crimsonbot:/home/diego/crawler/install/robot_sim:/opt/ros/humble /usr/bin/cmake --build /home/diego/assembly_with_links/build/assembly_with_links -- -j8 -l8
[0.097s] Invoked command in '/home/diego/assembly_with_links/build/assembly_with_links' returned '0': CMAKE_PREFIX_PATH=${CMAKE_PREFIX_PATH}:/home/diego/ros_ws/install/rover_teleop:/home/diego/ros_ws/install/rover_motor_controller:/home/diego/ros_ws/install/crimsonbot:/home/diego/crawler/install/robot_sim:/opt/ros/humble /usr/bin/cmake --build /home/diego/assembly_with_links/build/assembly_with_links -- -j8 -l8
[0.121s] Invoking command in '/home/diego/assembly_with_links/build/assembly_with_links': CMAKE_PREFIX_PATH=${CMAKE_PREFIX_PATH}:/home/diego/ros_ws/install/rover_teleop:/home/diego/ros_ws/install/rover_motor_controller:/home/diego/ros_ws/install/crimsonbot:/home/diego/crawler/install/robot_sim:/opt/ros/humble /usr/bin/cmake --install /home/diego/assembly_with_links/build/assembly_with_links
[0.130s] -- Install configuration: ""
[0.130s] -- Up-to-date: /home/diego/assembly_with_links/install/assembly_with_links/share/assembly_with_links/meshes
[0.130s] -- Up-to-date: /home/diego/assembly_with_links/install/assembly_with_links/share/assembly_with_links/meshes/1-l2.STL
[0.131s] -- Up-to-date: /home/diego/assembly_with_links/install/assembly_with_links/share/assembly_with_links/meshes/1-l3.STL
[0.131s] -- Up-to-date: /home/diego/assembly_with_links/install/assembly_with_links/share/assembly_with_links/meshes/3-l4.STL
[0.131s] -- Up-to-date: /home/diego/assembly_with_links/install/assembly_with_links/share/assembly_with_links/meshes/3-l2.STL
[0.131s] -- Up-to-date: /home/diego/assembly_with_links/install/assembly_with_links/share/assembly_with_links/meshes/4-l1.STL
[0.131s] -- Up-to-date: /home/diego/assembly_with_links/install/assembly_with_links/share/assembly_with_links/meshes/1-l5.STL
[0.131s] -- Up-to-date: /home/diego/assembly_with_links/install/assembly_with_links/share/assembly_with_links/meshes/5-l1.STL
[0.132s] -- Up-to-date: /home/diego/assembly_with_links/install/assembly_with_links/share/assembly_with_links/meshes/3-l1.STL
[0.132s] -- Up-to-date: /home/diego/assembly_with_links/install/assembly_with_links/share/assembly_with_links/meshes/5-l2.STL
[0.132s] -- Up-to-date: /home/diego/assembly_with_links/install/assembly_with_links/share/assembly_with_links/meshes/old
[0.132s] -- Up-to-date: /home/diego/assembly_with_links/install/assembly_with_links/share/assembly_with_links/meshes/old/link_3.STL
[0.132s] -- Up-to-date: /home/diego/assembly_with_links/install/assembly_with_links/share/assembly_with_links/meshes/old/link_1.STL
[0.132s] -- Up-to-date: /home/diego/assembly_with_links/install/assembly_with_links/share/assembly_with_links/meshes/old/base_link.STL
[0.132s] -- Up-to-date: /home/diego/assembly_with_links/install/assembly_with_links/share/assembly_with_links/meshes/old/link_2.STL
[0.132s] -- Up-to-date: /home/diego/assembly_with_links/install/assembly_with_links/share/assembly_with_links/meshes/old/link_4.STL
[0.133s] -- Up-to-date: /home/diego/assembly_with_links/install/assembly_with_links/share/assembly_with_links/meshes/6-l6.STL
[0.133s] -- Up-to-date: /home/diego/assembly_with_links/install/assembly_with_links/share/assembly_with_links/meshes/6-l5.STL
[0.133s] -- Up-to-date: /home/diego/assembly_with_links/install/assembly_with_links/share/assembly_with_links/meshes/4-l4.STL
[0.133s] -- Up-to-date: /home/diego/assembly_with_links/install/assembly_with_links/share/assembly_with_links/meshes/6-l3.STL
[0.133s] -- Up-to-date: /home/diego/assembly_with_links/install/assembly_with_links/share/assembly_with_links/meshes/4-l3.STL
[0.133s] -- Up-to-date: /home/diego/assembly_with_links/install/assembly_with_links/share/assembly_with_links/meshes/4-l6.STL
[0.133s] -- Up-to-date: /home/diego/assembly_with_links/install/assembly_with_links/share/assembly_with_links/meshes/6-l1.STL
[0.133s] -- Up-to-date: /home/diego/assembly_with_links/install/assembly_with_links/share/assembly_with_links/meshes/4-l5.STL
[0.133s] -- Up-to-date: /home/diego/assembly_with_links/install/assembly_with_links/share/assembly_with_links/meshes/4-l2.STL
[0.134s] -- Up-to-date: /home/diego/assembly_with_links/install/assembly_with_links/share/assembly_with_links/meshes/5-l4.STL
[0.134s] -- Up-to-date: /home/diego/assembly_with_links/install/assembly_with_links/share/assembly_with_links/meshes/base_link.STL
[0.134s] -- Up-to-date: /home/diego/assembly_with_links/install/assembly_with_links/share/assembly_with_links/meshes/3-l5.STL
[0.134s] -- Up-to-date: /home/diego/assembly_with_links/install/assembly_with_links/share/assembly_with_links/meshes/1-l4.STL
[0.134s] -- Up-to-date: /home/diego/assembly_with_links/install/assembly_with_links/share/assembly_with_links/meshes/1-l6.STL
[0.134s] -- Up-to-date: /home/diego/assembly_with_links/install/assembly_with_links/share/assembly_with_links/meshes/2-l1.STL
[0.135s] -- Up-to-date: /home/diego/assembly_with_links/install/assembly_with_links/share/assembly_with_links/meshes/2-l5.STL
[0.135s] -- Up-to-date: /home/diego/assembly_with_links/install/assembly_with_links/share/assembly_with_links/meshes/2-l4.STL
[0.135s] -- Up-to-date: /home/diego/assembly_with_links/install/assembly_with_links/share/assembly_with_links/meshes/1-l1.STL
[0.136s] -- Up-to-date: /home/diego/assembly_with_links/install/assembly_with_links/share/assembly_with_links/meshes/2-l2.STL
[0.136s] -- Up-to-date: /home/diego/assembly_with_links/install/assembly_with_links/share/assembly_with_links/meshes/2-l6.STL
[0.137s] -- Up-to-date: /home/diego/assembly_with_links/install/assembly_with_links/share/assembly_with_links/meshes/5-l5.STL
[0.138s] -- Up-to-date: /home/diego/assembly_with_links/install/assembly_with_links/share/assembly_with_links/meshes/6-l4.STL
[0.138s] -- Up-to-date: /home/diego/assembly_with_links/install/assembly_with_links/share/assembly_with_links/meshes/5-l3.STL
[0.138s] -- Up-to-date: /home/diego/assembly_with_links/install/assembly_with_links/share/assembly_with_links/meshes/5-l6.STL
[0.138s] -- Up-to-date: /home/diego/assembly_with_links/install/assembly_with_links/share/assembly_with_links/meshes/3-l3.STL
[0.139s] -- Up-to-date: /home/diego/assembly_with_links/install/assembly_with_links/share/assembly_with_links/meshes/2-l3.STL
[0.139s] -- Up-to-date: /home/diego/assembly_with_links/install/assembly_with_links/share/assembly_with_links/meshes/6-l2.STL
[0.139s] -- Up-to-date: /home/diego/assembly_with_links/install/assembly_with_links/share/assembly_with_links/meshes/3-l6.STL
[0.139s] -- Up-to-date: /home/diego/assembly_with_links/install/assembly_with_links/share/assembly_with_links/urdf
[0.140s] -- Up-to-date: /home/diego/assembly_with_links/install/assembly_with_links/share/assembly_with_links/urdf/assembly_with_links_one_leg.urdf
[0.140s] -- Installing: /home/diego/assembly_with_links/install/assembly_with_links/share/assembly_with_links/urdf/assembly_with_links.urdf
[0.140s] -- Up-to-date: /home/diego/assembly_with_links/install/assembly_with_links/share/assembly_with_links/urdf/assembly_with_links.gv
[0.141s] -- Up-to-date: /home/diego/assembly_with_links/install/assembly_with_links/share/assembly_with_links/urdf/assembly_with_links.pdf
[0.141s] -- Up-to-date: /home/diego/assembly_with_links/install/assembly_with_links/share/assembly_with_links/urdf/assembly_with_links_four_legs.urdf
[0.141s] -- Up-to-date: /home/diego/assembly_with_links/install/assembly_with_links/share/assembly_with_links/launch
[0.142s] -- Up-to-date: /home/diego/assembly_with_links/install/assembly_with_links/share/assembly_with_links/launch/display.launch.py
[0.142s] -- Up-to-date: /home/diego/assembly_with_links/install/assembly_with_links/share/assembly_with_links/launch/gazebo.launch.py
[0.142s] -- Up-to-date: /home/diego/assembly_with_links/install/assembly_with_links/share/assembly_with_links/config
[0.142s] -- Up-to-date: /home/diego/assembly_with_links/install/assembly_with_links/share/assembly_with_links/config/controllers.yaml
[0.143s] -- Up-to-date: /home/diego/assembly_with_links/install/assembly_with_links/share/assembly_with_links/config/controllers_four_legs.yaml
[0.143s] -- Up-to-date: /home/diego/assembly_with_links/install/assembly_with_links/share/assembly_with_links/config/joint_names_assembly_with_links.yaml
[0.143s] -- Up-to-date: /home/diego/assembly_with_links/install/assembly_with_links/share/assembly_with_links/config/controllers_one_leg.yaml
[0.144s] -- Up-to-date: /home/diego/assembly_with_links/install/assembly_with_links/share/ament_index/resource_index/package_run_dependencies/assembly_with_links
[0.144s] -- Up-to-date: /home/diego/assembly_with_links/install/assembly_with_links/share/ament_index/resource_index/parent_prefix_path/assembly_with_links
[0.145s] -- Up-to-date: /home/diego/assembly_with_links/install/assembly_with_links/share/assembly_with_links/environment/ament_prefix_path.sh
[0.145s] -- Up-to-date: /home/diego/assembly_with_links/install/assembly_with_links/share/assembly_with_links/environment/ament_prefix_path.dsv
[0.146s] -- Up-to-date: /home/diego/assembly_with_links/install/assembly_with_links/share/assembly_with_links/environment/path.sh
[0.146s] -- Up-to-date: /home/diego/assembly_with_links/install/assembly_with_links/share/assembly_with_links/environment/path.dsv
[0.146s] -- Up-to-date: /home/diego/assembly_with_links/install/assembly_with_links/share/assembly_with_links/local_setup.bash
[0.146s] -- Up-to-date: /home/diego/assembly_with_links/install/assembly_with_links/share/assembly_with_links/local_setup.sh
[0.146s] -- Up-to-date: /home/diego/assembly_with_links/install/assembly_with_links/share/assembly_with_links/local_setup.zsh
[0.147s] -- Up-to-date: /home/diego/assembly_with_links/install/assembly_with_links/share/assembly_with_links/local_setup.dsv
[0.147s] -- Installing: /home/diego/assembly_with_links/install/assembly_with_links/share/assembly_with_links/package.dsv
[0.147s] -- Up-to-date: /home/diego/assembly_with_links/install/assembly_with_links/share/ament_index/resource_index/packages/assembly_with_links
[0.147s] -- Up-to-date: /home/diego/assembly_with_links/install/assembly_with_links/share/assembly_with_links/cmake/assembly_with_linksConfig.cmake
[0.148s] -- Up-to-date: /home/diego/assembly_with_links/install/assembly_with_links/share/assembly_with_links/cmake/assembly_with_linksConfig-version.cmake
[0.148s] -- Up-to-date: /home/diego/assembly_with_links/install/assembly_with_links/share/assembly_with_links/package.xml
[0.148s] Invoked command in '/home/diego/assembly_with_links/build/assembly_with_links' returned '0': CMAKE_PREFIX_PATH=${CMAKE_PREFIX_PATH}:/home/diego/ros_ws/install/rover_teleop:/home/diego/ros_ws/install/rover_motor_controller:/home/diego/ros_ws/install/crimsonbot:/home/diego/crawler/install/robot_sim:/opt/ros/humble /usr/bin/cmake --install /home/diego/assembly_with_links/build/assembly_with_links
