[0.126s] DEBUG:colcon:Command line arguments: ['/usr/bin/colcon', 'build']
[0.126s] DEBUG:colcon:Parsed command line arguments: Namespace(log_base=None, log_level=None, verb_name='build', build_base='build', install_base='install', merge_install=False, symlink_install=False, test_result_base=None, continue_on_error=False, executor='parallel', parallel_workers=8, event_handlers=None, ignore_user_meta=False, metas=['./colcon.meta'], base_paths=['.'], packages_ignore=None, packages_ignore_regex=None, paths=None, packages_up_to=None, packages_up_to_regex=None, packages_above=None, packages_above_and_dependencies=None, packages_above_depth=None, packages_select_by_dep=None, packages_skip_by_dep=None, packages_skip_up_to=None, packages_select_build_failed=False, packages_skip_build_finished=False, packages_select_test_failures=False, packages_skip_test_passed=False, packages_select=None, packages_skip=None, packages_select_regex=None, packages_skip_regex=None, packages_start=None, packages_end=None, allow_overriding=[], cmake_args=None, cmake_target=None, cmake_target_skip_unavailable=False, cmake_clean_cache=False, cmake_clean_first=False, cmake_force_configure=False, ament_cmake_args=None, catkin_cmake_args=None, catkin_skip_building_tests=False, mixin_files=None, mixin=None, verb_parser=<colcon_mixin.mixin.mixin_argument.MixinArgumentDecorator object at 0x761000a5bc10>, verb_extension=<colcon_core.verb.build.BuildVerb object at 0x761000a5b670>, main=<bound method BuildVerb.main of <colcon_core.verb.build.BuildVerb object at 0x761000a5b670>>, mixin_verb=('build',))
[0.333s] Level 1:colcon.colcon_core.package_discovery:discover_packages(colcon_meta) check parameters
[0.333s] Level 1:colcon.colcon_core.package_discovery:discover_packages(recursive) check parameters
[0.333s] Level 1:colcon.colcon_core.package_discovery:discover_packages(ignore) check parameters
[0.334s] Level 1:colcon.colcon_core.package_discovery:discover_packages(path) check parameters
[0.334s] Level 1:colcon.colcon_core.package_discovery:discover_packages(colcon_meta) discover
[0.334s] Level 1:colcon.colcon_core.package_discovery:discover_packages(recursive) discover
[0.334s] INFO:colcon.colcon_core.package_discovery:Crawling recursively for packages in '/home/diego/hexapod_link_attacher_ws'
[0.334s] Level 1:colcon.colcon_core.package_identification:_identify(.) by extensions ['ignore', 'ignore_ament_install']
[0.334s] Level 1:colcon.colcon_core.package_identification:_identify(.) by extension 'ignore'
[0.334s] Level 1:colcon.colcon_core.package_identification:_identify(.) by extension 'ignore_ament_install'
[0.334s] Level 1:colcon.colcon_core.package_identification:_identify(.) by extensions ['colcon_pkg']
[0.334s] Level 1:colcon.colcon_core.package_identification:_identify(.) by extension 'colcon_pkg'
[0.334s] Level 1:colcon.colcon_core.package_identification:_identify(.) by extensions ['colcon_meta']
[0.334s] Level 1:colcon.colcon_core.package_identification:_identify(.) by extension 'colcon_meta'
[0.334s] Level 1:colcon.colcon_core.package_identification:_identify(.) by extensions ['ros']
[0.334s] Level 1:colcon.colcon_core.package_identification:_identify(.) by extension 'ros'
[0.350s] DEBUG:colcon.colcon_core.package_identification:Package '.' with type 'ros.ament_cmake' and name 'hexapod_link_attacher'
[0.350s] Level 1:colcon.colcon_core.package_discovery:discover_packages(recursive) using defaults
[0.350s] Level 1:colcon.colcon_core.package_discovery:discover_packages(ignore) discover
[0.350s] Level 1:colcon.colcon_core.package_discovery:discover_packages(ignore) using defaults
[0.350s] Level 1:colcon.colcon_core.package_discovery:discover_packages(path) discover
[0.350s] Level 1:colcon.colcon_core.package_discovery:discover_packages(path) using defaults
[0.385s] Level 1:colcon.colcon_core.package_discovery:discover_packages(prefix_path) check parameters
[0.385s] Level 1:colcon.colcon_core.package_discovery:discover_packages(prefix_path) discover
[0.387s] DEBUG:colcon.colcon_installed_package_information.package_discovery:Found 1 installed packages in /home/diego/hexapod_link_attacher_ws/install
[0.388s] DEBUG:colcon.colcon_installed_package_information.package_discovery:Found 1 installed packages in /home/diego/assembly_with_links/install
[0.388s] DEBUG:colcon.colcon_installed_package_information.package_discovery:Found 3 installed packages in /home/diego/crawler/install
[0.389s] DEBUG:colcon.colcon_installed_package_information.package_discovery:Found 11 installed packages in /home/diego/ros_ws/install
[0.391s] DEBUG:colcon.colcon_installed_package_information.package_discovery:Found 428 installed packages in /opt/ros/humble
[0.394s] Level 1:colcon.colcon_core.package_discovery:discover_packages(prefix_path) using defaults
[0.453s] Level 5:colcon.colcon_core.verb:set package 'hexapod_link_attacher' build argument 'cmake_args' from command line to 'None'
[0.453s] Level 5:colcon.colcon_core.verb:set package 'hexapod_link_attacher' build argument 'cmake_target' from command line to 'None'
[0.453s] Level 5:colcon.colcon_core.verb:set package 'hexapod_link_attacher' build argument 'cmake_target_skip_unavailable' from command line to 'False'
[0.453s] Level 5:colcon.colcon_core.verb:set package 'hexapod_link_attacher' build argument 'cmake_clean_cache' from command line to 'False'
[0.453s] Level 5:colcon.colcon_core.verb:set package 'hexapod_link_attacher' build argument 'cmake_clean_first' from command line to 'False'
[0.453s] Level 5:colcon.colcon_core.verb:set package 'hexapod_link_attacher' build argument 'cmake_force_configure' from command line to 'False'
[0.453s] Level 5:colcon.colcon_core.verb:set package 'hexapod_link_attacher' build argument 'ament_cmake_args' from command line to 'None'
[0.453s] Level 5:colcon.colcon_core.verb:set package 'hexapod_link_attacher' build argument 'catkin_cmake_args' from command line to 'None'
[0.453s] Level 5:colcon.colcon_core.verb:set package 'hexapod_link_attacher' build argument 'catkin_skip_building_tests' from command line to 'False'
[0.454s] DEBUG:colcon.colcon_core.verb:Building package 'hexapod_link_attacher' with the following arguments: {'ament_cmake_args': None, 'build_base': '/home/diego/hexapod_link_attacher_ws/build/hexapod_link_attacher', 'catkin_cmake_args': None, 'catkin_skip_building_tests': False, 'cmake_args': None, 'cmake_clean_cache': False, 'cmake_clean_first': False, 'cmake_force_configure': False, 'cmake_target': None, 'cmake_target_skip_unavailable': False, 'install_base': '/home/diego/hexapod_link_attacher_ws/install/hexapod_link_attacher', 'merge_install': False, 'path': '/home/diego/hexapod_link_attacher_ws', 'symlink_install': False, 'test_result_base': None}
[0.454s] INFO:colcon.colcon_core.executor:Executing jobs using 'parallel' executor
[0.455s] DEBUG:colcon.colcon_parallel_executor.executor.parallel:run_until_complete
[0.455s] INFO:colcon.colcon_ros.task.ament_cmake.build:Building ROS package in '/home/diego/hexapod_link_attacher_ws' with build type 'ament_cmake'
[0.456s] INFO:colcon.colcon_cmake.task.cmake.build:Building CMake package in '/home/diego/hexapod_link_attacher_ws'
[0.458s] INFO:colcon.colcon_core.plugin_system:Skipping extension 'colcon_core.shell.bat': Not used on non-Windows systems
[0.458s] INFO:colcon.colcon_core.shell:Skip shell extension 'powershell' for command environment: Not usable outside of PowerShell
[0.458s] DEBUG:colcon.colcon_core.shell:Skip shell extension 'dsv' for command environment
[0.475s] DEBUG:colcon.colcon_core.event_handler.log_command:Invoking command in '/home/diego/hexapod_link_attacher_ws/build/hexapod_link_attacher': CMAKE_PREFIX_PATH=${CMAKE_PREFIX_PATH}:/home/diego/ros_ws/install/rover_teleop:/home/diego/ros_ws/install/rover_motor_controller:/home/diego/ros_ws/install/crimsonbot:/home/diego/crawler/install/robot_sim:/opt/ros/humble /usr/bin/cmake --build /home/diego/hexapod_link_attacher_ws/build/hexapod_link_attacher -- -j8 -l8
[0.631s] DEBUG:colcon.colcon_core.event_handler.log_command:Invoked command in '/home/diego/hexapod_link_attacher_ws/build/hexapod_link_attacher' returned '0': CMAKE_PREFIX_PATH=${CMAKE_PREFIX_PATH}:/home/diego/ros_ws/install/rover_teleop:/home/diego/ros_ws/install/rover_motor_controller:/home/diego/ros_ws/install/crimsonbot:/home/diego/crawler/install/robot_sim:/opt/ros/humble /usr/bin/cmake --build /home/diego/hexapod_link_attacher_ws/build/hexapod_link_attacher -- -j8 -l8
[0.645s] DEBUG:colcon.colcon_core.event_handler.log_command:Invoking command in '/home/diego/hexapod_link_attacher_ws/build/hexapod_link_attacher': CMAKE_PREFIX_PATH=${CMAKE_PREFIX_PATH}:/home/diego/ros_ws/install/rover_teleop:/home/diego/ros_ws/install/rover_motor_controller:/home/diego/ros_ws/install/crimsonbot:/home/diego/crawler/install/robot_sim:/opt/ros/humble /usr/bin/cmake --install /home/diego/hexapod_link_attacher_ws/build/hexapod_link_attacher
[0.659s] Level 1:colcon.colcon_core.environment:create_environment_scripts_only(hexapod_link_attacher)
[0.660s] DEBUG:colcon.colcon_core.event_handler.log_command:Invoked command in '/home/diego/hexapod_link_attacher_ws/build/hexapod_link_attacher' returned '0': CMAKE_PREFIX_PATH=${CMAKE_PREFIX_PATH}:/home/diego/ros_ws/install/rover_teleop:/home/diego/ros_ws/install/rover_motor_controller:/home/diego/ros_ws/install/crimsonbot:/home/diego/crawler/install/robot_sim:/opt/ros/humble /usr/bin/cmake --install /home/diego/hexapod_link_attacher_ws/build/hexapod_link_attacher
[0.665s] Level 1:colcon.colcon_core.environment:checking '/home/diego/hexapod_link_attacher_ws/install/hexapod_link_attacher' for CMake module files
[0.666s] Level 1:colcon.colcon_core.environment:checking '/home/diego/hexapod_link_attacher_ws/install/hexapod_link_attacher' for CMake config files
[0.666s] Level 1:colcon.colcon_core.shell:create_environment_hook('hexapod_link_attacher', 'cmake_prefix_path')
[0.666s] INFO:colcon.colcon_core.shell:Creating environment hook '/home/diego/hexapod_link_attacher_ws/install/hexapod_link_attacher/share/hexapod_link_attacher/hook/cmake_prefix_path.ps1'
[0.667s] INFO:colcon.colcon_core.shell:Creating environment descriptor '/home/diego/hexapod_link_attacher_ws/install/hexapod_link_attacher/share/hexapod_link_attacher/hook/cmake_prefix_path.dsv'
[0.667s] INFO:colcon.colcon_core.shell:Creating environment hook '/home/diego/hexapod_link_attacher_ws/install/hexapod_link_attacher/share/hexapod_link_attacher/hook/cmake_prefix_path.sh'
[0.668s] Level 1:colcon.colcon_core.environment:checking '/home/diego/hexapod_link_attacher_ws/install/hexapod_link_attacher/lib'
[0.668s] Level 1:colcon.colcon_core.shell:create_environment_hook('hexapod_link_attacher', 'ld_library_path_lib')
[0.669s] INFO:colcon.colcon_core.shell:Creating environment hook '/home/diego/hexapod_link_attacher_ws/install/hexapod_link_attacher/share/hexapod_link_attacher/hook/ld_library_path_lib.ps1'
[0.669s] INFO:colcon.colcon_core.shell:Creating environment descriptor '/home/diego/hexapod_link_attacher_ws/install/hexapod_link_attacher/share/hexapod_link_attacher/hook/ld_library_path_lib.dsv'
[0.669s] INFO:colcon.colcon_core.shell:Creating environment hook '/home/diego/hexapod_link_attacher_ws/install/hexapod_link_attacher/share/hexapod_link_attacher/hook/ld_library_path_lib.sh'
[0.670s] Level 1:colcon.colcon_core.environment:checking '/home/diego/hexapod_link_attacher_ws/install/hexapod_link_attacher/bin'
[0.670s] Level 1:colcon.colcon_core.environment:checking '/home/diego/hexapod_link_attacher_ws/install/hexapod_link_attacher/lib/pkgconfig/hexapod_link_attacher.pc'
[0.670s] Level 1:colcon.colcon_core.environment:checking '/home/diego/hexapod_link_attacher_ws/install/hexapod_link_attacher/lib/python3.10/site-packages'
[0.670s] Level 1:colcon.colcon_core.environment:checking '/home/diego/hexapod_link_attacher_ws/install/hexapod_link_attacher/bin'
[0.671s] INFO:colcon.colcon_core.shell:Creating package script '/home/diego/hexapod_link_attacher_ws/install/hexapod_link_attacher/share/hexapod_link_attacher/package.ps1'
[0.672s] INFO:colcon.colcon_core.shell:Creating package descriptor '/home/diego/hexapod_link_attacher_ws/install/hexapod_link_attacher/share/hexapod_link_attacher/package.dsv'
[0.672s] INFO:colcon.colcon_core.shell:Creating package script '/home/diego/hexapod_link_attacher_ws/install/hexapod_link_attacher/share/hexapod_link_attacher/package.sh'
[0.673s] INFO:colcon.colcon_core.shell:Creating package script '/home/diego/hexapod_link_attacher_ws/install/hexapod_link_attacher/share/hexapod_link_attacher/package.bash'
[0.674s] INFO:colcon.colcon_core.shell:Creating package script '/home/diego/hexapod_link_attacher_ws/install/hexapod_link_attacher/share/hexapod_link_attacher/package.zsh'
[0.675s] Level 1:colcon.colcon_core.environment:create_file_with_runtime_dependencies(/home/diego/hexapod_link_attacher_ws/install/hexapod_link_attacher/share/colcon-core/packages/hexapod_link_attacher)
[0.675s] Level 1:colcon.colcon_core.environment:create_environment_scripts_only(hexapod_link_attacher)
[0.675s] Level 1:colcon.colcon_core.environment:checking '/home/diego/hexapod_link_attacher_ws/install/hexapod_link_attacher' for CMake module files
[0.676s] Level 1:colcon.colcon_core.environment:checking '/home/diego/hexapod_link_attacher_ws/install/hexapod_link_attacher' for CMake config files
[0.676s] Level 1:colcon.colcon_core.shell:create_environment_hook('hexapod_link_attacher', 'cmake_prefix_path')
[0.676s] INFO:colcon.colcon_core.shell:Creating environment hook '/home/diego/hexapod_link_attacher_ws/install/hexapod_link_attacher/share/hexapod_link_attacher/hook/cmake_prefix_path.ps1'
[0.677s] INFO:colcon.colcon_core.shell:Creating environment descriptor '/home/diego/hexapod_link_attacher_ws/install/hexapod_link_attacher/share/hexapod_link_attacher/hook/cmake_prefix_path.dsv'
[0.677s] INFO:colcon.colcon_core.shell:Creating environment hook '/home/diego/hexapod_link_attacher_ws/install/hexapod_link_attacher/share/hexapod_link_attacher/hook/cmake_prefix_path.sh'
[0.678s] Level 1:colcon.colcon_core.environment:checking '/home/diego/hexapod_link_attacher_ws/install/hexapod_link_attacher/lib'
[0.678s] Level 1:colcon.colcon_core.shell:create_environment_hook('hexapod_link_attacher', 'ld_library_path_lib')
[0.678s] INFO:colcon.colcon_core.shell:Creating environment hook '/home/diego/hexapod_link_attacher_ws/install/hexapod_link_attacher/share/hexapod_link_attacher/hook/ld_library_path_lib.ps1'
[0.678s] INFO:colcon.colcon_core.shell:Creating environment descriptor '/home/diego/hexapod_link_attacher_ws/install/hexapod_link_attacher/share/hexapod_link_attacher/hook/ld_library_path_lib.dsv'
[0.679s] INFO:colcon.colcon_core.shell:Creating environment hook '/home/diego/hexapod_link_attacher_ws/install/hexapod_link_attacher/share/hexapod_link_attacher/hook/ld_library_path_lib.sh'
[0.679s] Level 1:colcon.colcon_core.environment:checking '/home/diego/hexapod_link_attacher_ws/install/hexapod_link_attacher/bin'
[0.679s] Level 1:colcon.colcon_core.environment:checking '/home/diego/hexapod_link_attacher_ws/install/hexapod_link_attacher/lib/pkgconfig/hexapod_link_attacher.pc'
[0.680s] Level 1:colcon.colcon_core.environment:checking '/home/diego/hexapod_link_attacher_ws/install/hexapod_link_attacher/lib/python3.10/site-packages'
[0.680s] Level 1:colcon.colcon_core.environment:checking '/home/diego/hexapod_link_attacher_ws/install/hexapod_link_attacher/bin'
[0.680s] INFO:colcon.colcon_core.shell:Creating package script '/home/diego/hexapod_link_attacher_ws/install/hexapod_link_attacher/share/hexapod_link_attacher/package.ps1'
[0.682s] INFO:colcon.colcon_core.shell:Creating package descriptor '/home/diego/hexapod_link_attacher_ws/install/hexapod_link_attacher/share/hexapod_link_attacher/package.dsv'
[0.682s] INFO:colcon.colcon_core.shell:Creating package script '/home/diego/hexapod_link_attacher_ws/install/hexapod_link_attacher/share/hexapod_link_attacher/package.sh'
[0.683s] INFO:colcon.colcon_core.shell:Creating package script '/home/diego/hexapod_link_attacher_ws/install/hexapod_link_attacher/share/hexapod_link_attacher/package.bash'
[0.684s] INFO:colcon.colcon_core.shell:Creating package script '/home/diego/hexapod_link_attacher_ws/install/hexapod_link_attacher/share/hexapod_link_attacher/package.zsh'
[0.684s] Level 1:colcon.colcon_core.environment:create_file_with_runtime_dependencies(/home/diego/hexapod_link_attacher_ws/install/hexapod_link_attacher/share/colcon-core/packages/hexapod_link_attacher)
[0.685s] DEBUG:colcon.colcon_parallel_executor.executor.parallel:closing loop
[0.685s] DEBUG:colcon.colcon_parallel_executor.executor.parallel:loop closed
[0.685s] DEBUG:colcon.colcon_parallel_executor.executor.parallel:run_until_complete finished with '0'
[0.685s] DEBUG:colcon.colcon_core.event_reactor:joining thread
[0.698s] INFO:colcon.colcon_core.plugin_system:Skipping extension 'colcon_notification.desktop_notification.terminal_notifier': Not used on non-Darwin systems
[0.698s] INFO:colcon.colcon_core.plugin_system:Skipping extension 'colcon_notification.desktop_notification.win32': Not used on non-Windows systems
[0.699s] INFO:colcon.colcon_notification.desktop_notification:Sending desktop notification using 'notify2'
[0.720s] DEBUG:colcon.colcon_core.event_reactor:joined thread
[0.720s] INFO:colcon.colcon_core.shell:Creating prefix script '/home/diego/hexapod_link_attacher_ws/install/local_setup.ps1'
[0.722s] INFO:colcon.colcon_core.shell:Creating prefix util module '/home/diego/hexapod_link_attacher_ws/install/_local_setup_util_ps1.py'
[0.725s] INFO:colcon.colcon_core.shell:Creating prefix chain script '/home/diego/hexapod_link_attacher_ws/install/setup.ps1'
[0.727s] INFO:colcon.colcon_core.shell:Creating prefix script '/home/diego/hexapod_link_attacher_ws/install/local_setup.sh'
[0.728s] INFO:colcon.colcon_core.shell:Creating prefix util module '/home/diego/hexapod_link_attacher_ws/install/_local_setup_util_sh.py'
[0.729s] INFO:colcon.colcon_core.shell:Creating prefix chain script '/home/diego/hexapod_link_attacher_ws/install/setup.sh'
[0.731s] INFO:colcon.colcon_core.shell:Creating prefix script '/home/diego/hexapod_link_attacher_ws/install/local_setup.bash'
[0.731s] INFO:colcon.colcon_core.shell:Creating prefix chain script '/home/diego/hexapod_link_attacher_ws/install/setup.bash'
[0.733s] INFO:colcon.colcon_core.shell:Creating prefix script '/home/diego/hexapod_link_attacher_ws/install/local_setup.zsh'
[0.734s] INFO:colcon.colcon_core.shell:Creating prefix chain script '/home/diego/hexapod_link_attacher_ws/install/setup.zsh'
