[35m[1mConsolidate compiler generated dependencies of target hexapod_link_attacher[0m
[100%] Built target hexapod_link_attacher
-- Install configuration: ""
-- Up-to-date: /home/diego/hexapod_link_attacher_ws/install/hexapod_link_attacher/lib/libhexapod_link_attacher.so
-- Up-to-date: /home/diego/hexapod_link_attacher_ws/install/hexapod_link_attacher/share/hexapod_link_attacher/environment/library_path.sh
-- Up-to-date: /home/diego/hexapod_link_attacher_ws/install/hexapod_link_attacher/share/hexapod_link_attacher/environment/library_path.dsv
-- Up-to-date: /home/diego/hexapod_link_attacher_ws/install/hexapod_link_attacher/share/ament_index/resource_index/package_run_dependencies/hexapod_link_attacher
-- Up-to-date: /home/diego/hexapod_link_attacher_ws/install/hexapod_link_attacher/share/ament_index/resource_index/parent_prefix_path/hexapod_link_attacher
-- Up-to-date: /home/diego/hexapod_link_attacher_ws/install/hexapod_link_attacher/share/hexapod_link_attacher/environment/ament_prefix_path.sh
-- Up-to-date: /home/diego/hexapod_link_attacher_ws/install/hexapod_link_attacher/share/hexapod_link_attacher/environment/ament_prefix_path.dsv
-- Up-to-date: /home/diego/hexapod_link_attacher_ws/install/hexapod_link_attacher/share/hexapod_link_attacher/environment/path.sh
-- Up-to-date: /home/diego/hexapod_link_attacher_ws/install/hexapod_link_attacher/share/hexapod_link_attacher/environment/path.dsv
-- Up-to-date: /home/diego/hexapod_link_attacher_ws/install/hexapod_link_attacher/share/hexapod_link_attacher/local_setup.bash
-- Up-to-date: /home/diego/hexapod_link_attacher_ws/install/hexapod_link_attacher/share/hexapod_link_attacher/local_setup.sh
-- Up-to-date: /home/diego/hexapod_link_attacher_ws/install/hexapod_link_attacher/share/hexapod_link_attacher/local_setup.zsh
-- Up-to-date: /home/diego/hexapod_link_attacher_ws/install/hexapod_link_attacher/share/hexapod_link_attacher/local_setup.dsv
-- Installing: /home/diego/hexapod_link_attacher_ws/install/hexapod_link_attacher/share/hexapod_link_attacher/package.dsv
-- Up-to-date: /home/diego/hexapod_link_attacher_ws/install/hexapod_link_attacher/share/ament_index/resource_index/packages/hexapod_link_attacher
-- Up-to-date: /home/diego/hexapod_link_attacher_ws/install/hexapod_link_attacher/share/hexapod_link_attacher/cmake/ament_cmake_export_libraries-extras.cmake
-- Up-to-date: /home/diego/hexapod_link_attacher_ws/install/hexapod_link_attacher/share/hexapod_link_attacher/cmake/ament_cmake_export_dependencies-extras.cmake
-- Up-to-date: /home/diego/hexapod_link_attacher_ws/install/hexapod_link_attacher/share/hexapod_link_attacher/cmake/hexapod_link_attacherConfig.cmake
-- Up-to-date: /home/diego/hexapod_link_attacher_ws/install/hexapod_link_attacher/share/hexapod_link_attacher/cmake/hexapod_link_attacherConfig-version.cmake
-- Up-to-date: /home/diego/hexapod_link_attacher_ws/install/hexapod_link_attacher/share/hexapod_link_attacher/package.xml
