[0.027s] Invoking command in '/home/diego/hexapod_link_attacher_ws/build/hexapod_link_attacher': CMAKE_PREFIX_PATH=${CMAKE_PREFIX_PATH}:/home/diego/ros_ws/install/rover_teleop:/home/diego/ros_ws/install/rover_motor_controller:/home/diego/ros_ws/install/crimsonbot:/home/diego/crawler/install/robot_sim:/opt/ros/humble /usr/bin/cmake --build /home/diego/hexapod_link_attacher_ws/build/hexapod_link_attacher -- -j8 -l8
[0.143s] [35m[1mConsolidate compiler generated dependencies of target hexapod_link_attacher[0m
[0.213s] [ 50%] [32mBuilding CXX object CMakeFiles/hexapod_link_attacher.dir/src/hexapod_link_attacher.cpp.o[0m
[19.608s] [100%] [32m[1mLinking CXX shared library libhexapod_link_attacher.so[0m
[20.548s] [100%] Built target hexapod_link_attacher
[20.571s] Invoked command in '/home/diego/hexapod_link_attacher_ws/build/hexapod_link_attacher' returned '0': CMAKE_PREFIX_PATH=${CMAKE_PREFIX_PATH}:/home/diego/ros_ws/install/rover_teleop:/home/diego/ros_ws/install/rover_motor_controller:/home/diego/ros_ws/install/crimsonbot:/home/diego/crawler/install/robot_sim:/opt/ros/humble /usr/bin/cmake --build /home/diego/hexapod_link_attacher_ws/build/hexapod_link_attacher -- -j8 -l8
[20.595s] Invoking command in '/home/diego/hexapod_link_attacher_ws/build/hexapod_link_attacher': CMAKE_PREFIX_PATH=${CMAKE_PREFIX_PATH}:/home/diego/ros_ws/install/rover_teleop:/home/diego/ros_ws/install/rover_motor_controller:/home/diego/ros_ws/install/crimsonbot:/home/diego/crawler/install/robot_sim:/opt/ros/humble /usr/bin/cmake --install /home/diego/hexapod_link_attacher_ws/build/hexapod_link_attacher
[20.609s] -- Install configuration: ""
[20.609s] -- Installing: /home/diego/hexapod_link_attacher_ws/install/hexapod_link_attacher/lib/libhexapod_link_attacher.so
[20.617s] -- Set runtime path of "/home/diego/hexapod_link_attacher_ws/install/hexapod_link_attacher/lib/libhexapod_link_attacher.so" to ""
[20.618s] -- Up-to-date: /home/diego/hexapod_link_attacher_ws/install/hexapod_link_attacher/share/hexapod_link_attacher/environment/library_path.sh
[20.618s] -- Up-to-date: /home/diego/hexapod_link_attacher_ws/install/hexapod_link_attacher/share/hexapod_link_attacher/environment/library_path.dsv
[20.618s] -- Up-to-date: /home/diego/hexapod_link_attacher_ws/install/hexapod_link_attacher/share/ament_index/resource_index/package_run_dependencies/hexapod_link_attacher
[20.618s] -- Up-to-date: /home/diego/hexapod_link_attacher_ws/install/hexapod_link_attacher/share/ament_index/resource_index/parent_prefix_path/hexapod_link_attacher
[20.618s] -- Up-to-date: /home/diego/hexapod_link_attacher_ws/install/hexapod_link_attacher/share/hexapod_link_attacher/environment/ament_prefix_path.sh
[20.618s] -- Up-to-date: /home/diego/hexapod_link_attacher_ws/install/hexapod_link_attacher/share/hexapod_link_attacher/environment/ament_prefix_path.dsv
[20.618s] -- Up-to-date: /home/diego/hexapod_link_attacher_ws/install/hexapod_link_attacher/share/hexapod_link_attacher/environment/path.sh
[20.619s] -- Up-to-date: /home/diego/hexapod_link_attacher_ws/install/hexapod_link_attacher/share/hexapod_link_attacher/environment/path.dsv
[20.619s] -- Up-to-date: /home/diego/hexapod_link_attacher_ws/install/hexapod_link_attacher/share/hexapod_link_attacher/local_setup.bash
[20.619s] -- Up-to-date: /home/diego/hexapod_link_attacher_ws/install/hexapod_link_attacher/share/hexapod_link_attacher/local_setup.sh
[20.619s] -- Up-to-date: /home/diego/hexapod_link_attacher_ws/install/hexapod_link_attacher/share/hexapod_link_attacher/local_setup.zsh
[20.619s] -- Up-to-date: /home/diego/hexapod_link_attacher_ws/install/hexapod_link_attacher/share/hexapod_link_attacher/local_setup.dsv
[20.619s] -- Installing: /home/diego/hexapod_link_attacher_ws/install/hexapod_link_attacher/share/hexapod_link_attacher/package.dsv
[20.619s] -- Up-to-date: /home/diego/hexapod_link_attacher_ws/install/hexapod_link_attacher/share/ament_index/resource_index/packages/hexapod_link_attacher
[20.619s] -- Up-to-date: /home/diego/hexapod_link_attacher_ws/install/hexapod_link_attacher/share/hexapod_link_attacher/cmake/ament_cmake_export_libraries-extras.cmake
[20.620s] -- Up-to-date: /home/diego/hexapod_link_attacher_ws/install/hexapod_link_attacher/share/hexapod_link_attacher/cmake/ament_cmake_export_dependencies-extras.cmake
[20.620s] -- Up-to-date: /home/diego/hexapod_link_attacher_ws/install/hexapod_link_attacher/share/hexapod_link_attacher/cmake/hexapod_link_attacherConfig.cmake
[20.620s] -- Up-to-date: /home/diego/hexapod_link_attacher_ws/install/hexapod_link_attacher/share/hexapod_link_attacher/cmake/hexapod_link_attacherConfig-version.cmake
[20.620s] -- Up-to-date: /home/diego/hexapod_link_attacher_ws/install/hexapod_link_attacher/share/hexapod_link_attacher/package.xml
[20.623s] Invoked command in '/home/diego/hexapod_link_attacher_ws/build/hexapod_link_attacher' returned '0': CMAKE_PREFIX_PATH=${CMAKE_PREFIX_PATH}:/home/diego/ros_ws/install/rover_teleop:/home/diego/ros_ws/install/rover_motor_controller:/home/diego/ros_ws/install/crimsonbot:/home/diego/crawler/install/robot_sim:/opt/ros/humble /usr/bin/cmake --install /home/diego/hexapod_link_attacher_ws/build/hexapod_link_attacher
